#-----------------------------------------------------------
# Vivado v2019.1 (64-bit)
# SW Build 2552052 on Fri May 24 14:49:42 MDT 2019
# IP Build 2548770 on Fri May 24 18:01:18 MDT 2019
# Start of session at: Fri Feb 28 11:55:47 2020
# Process ID: 7352
# Current directory: F:/DAKSHA/CommSrcs/FPGA/CZT
# Command line: vivado.exe -gui_launcher_event rodinguilauncherevent13128 F:\DAKSHA\CommSrcs\FPGA\CZT\CZT.xpr
# Log file: F:/DAKSHA/CommSrcs/FPGA/CZT/vivado.log
# Journal file: F:/DAKSHA/CommSrcs/FPGA/CZT\vivado.jou
#-----------------------------------------------------------
start_gui
open_project F:/DAKSHA/CommSrcs/FPGA/CZT/CZT.xpr
update_compile_order -fileset sources_1
update_module_reference BD_wo_axi_Time_Stamp_0_0
report_ip_status -name ip_status 
startgroup
set_property -dict [list CONFIG.PCW_UIPARAM_DDR_FREQ_MHZ {525} CONFIG.PCW_CRYSTAL_PERIPHERAL_FREQMHZ {50} CONFIG.PCW_APU_PERIPHERAL_FREQMHZ {650} CONFIG.PCW_FPGA2_PERIPHERAL_FREQMHZ {30} CONFIG.PCW_EN_CLK2_PORT {1}] [get_bd_cells processing_system7_0]
endgroup
disconnect_bd_net /processing_system7_0_FCLK_CLK1 [get_bd_pins CZT_SPI_Comm_ILA/clk]
disconnect_bd_net /processing_system7_0_FCLK_CLK1 [get_bd_pins FIFO_ILA/clk]
undo
undo
undo
redo
startgroup
create_bd_cell -type ip -vlnv xilinx.com:ip:ila:6.2 ila_0
endgroup
set_property -dict [list CONFIG.C_PROBE0_WIDTH {32} CONFIG.C_NUM_OF_PROBES {6} CONFIG.C_ENABLE_ILA_AXI_MON {false} CONFIG.C_MONITOR_TYPE {Native}] [get_bd_cells ila_0]
set_property location {9.5 3379 721} [get_bd_cells ila_0]
connect_bd_net [get_bd_pins processing_system7_0/FCLK_CLK2] [get_bd_pins ila_0/clk]
connect_bd_net [get_bd_pins ila_0/probe0] [get_bd_pins CZT_SPI_Comm_0/SSbar]
connect_bd_net [get_bd_pins ila_0/probe1] [get_bd_pins CZT_SPI_Comm_0/MOSI]
connect_bd_net [get_bd_ports MISO_0] [get_bd_pins ila_0/probe2]
connect_bd_net [get_bd_pins ila_0/probe3] [get_bd_pins CZT_SPI_Comm_0/data_read]
connect_bd_net [get_bd_pins ila_0/probe4] [get_bd_pins CZT_SPI_Comm_0/rd_avail]
connect_bd_net [get_bd_pins ila_0/probe5] [get_bd_pins CZT_WR_Req/gpio2_io_o]
startgroup
set_property -dict [list CONFIG.C_PROBE3_WIDTH {32} CONFIG.C_PROBE0_WIDTH {1}] [get_bd_cells ila_0]
endgroup
delete_bd_objs [get_bd_cells CZT_SPI_Comm_ILA]
set_property name CZT_SPI_Comm_ILA [get_bd_cells ila_0]
regenerate_bd_layout -routing
disconnect_bd_net /processing_system7_0_FCLK_CLK1 [get_bd_pins FIFO_ILA/clk]
connect_bd_net [get_bd_pins FIFO_ILA/clk] [get_bd_pins processing_system7_0/FCLK_CLK2]
regenerate_bd_layout
regenerate_bd_layout -routing
regenerate_bd_layout
validate_bd_design
set_property CONFIG.CLK_DOMAIN BD_wo_axi_processing_system7_0_0_FCLK_CLK2 [get_bd_pins /Time_Stamp_0/clk]
save_bd_design
set_property CONFIG.CLK_DOMAIN BD_wo_axi_processing_system7_0_0_FCLK_CLK1 [get_bd_pins /Time_Stamp_0/clk]
save_bd_design
reset_run synth_1
launch_runs synth_1 -jobs 6
wait_on_run synth_1
set_msg_config -suppress -id {BD 41-1731} 
set_msg_config -suppress -id {IP_Flow 19-3153} 
reset_msg_config  -ruleid {1} -suppress
reset_msg_config  -ruleid {2} -suppress
reset_msg_config  -ruleid {3} -suppress
reset_msg_config  -ruleid {4} -suppress
reset_msg_config  -ruleid {5} -suppress
reset_msg_config  -ruleid {6} -suppress
reset_msg_config  -ruleid {7} -suppress
reset_msg_config  -ruleid {8} -suppress
reset_msg_config  -ruleid {9} -suppress
reset_run synth_1
launch_runs synth_1 -jobs 6
wait_on_run synth_1
reset_run synth_1
launch_runs synth_1 -jobs 6
wait_on_run synth_1
open_run synth_1 -name synth_1
set_msg_config -suppress -id {Synth 8-3331} 
set_msg_config -suppress -id {IP_Flow 19-3153} 
set_msg_config -suppress -id {IP_Flow 19-2207} 
set_msg_config -suppress -id {IP_Flow 19-5463} 
set_msg_config -suppress -id {IP_Flow 19-5462} 
set_msg_config -suppress -id {IP_Flow 19-3480} 
set_msg_config -suppress -id {IP_Flow 19-1965} 
show_objects -name NET_ONLY [get_nets -hierarchical -top_net_of_hierarchical_group "*" ]
set_msg_config -suppress -id {Synth 8-3295} 
refresh_design
reset_run synth_1
launch_runs synth_1 -jobs 6
wait_on_run synth_1
close_design
open_run synth_1 -name synth_1
reset_run synth_1
launch_runs impl_1 -jobs 6
wait_on_run impl_1
close_design
open_run impl_1
launch_runs impl_1 -to_step write_bitstream -jobs 6
wait_on_run impl_1
open_hw
connect_hw_server -url localhost:3121
current_hw_target [get_hw_targets */xilinx_tcf/Zybo Z7/Digilent Zybo Z7]
open_hw_target {localhost:3121/xilinx_tcf/Zybo Z7/Digilent Zybo Z7}
disconnect_hw_server localhost:3121
connect_hw_server -url localhost:3121
current_hw_target [get_hw_targets */xilinx_tcf/Zybo Z7/Digilent Zybo Z7]
open_hw_target {localhost:3121/xilinx_tcf/Zybo Z7/Digilent Zybo Z7}
refresh_hw_device [lindex [get_hw_devices arm_dap_0] 0]
get_hw_targets -help
reset_run impl_1 -prev_step 
launch_runs impl_1 -to_step write_bitstream -jobs 6
wait_on_run impl_1
disconnect_hw_server localhost:3121
report_ip_status -name ip_status 
connect_hw_server
open_hw_target
refresh_hw_server {localhost:3121}
disconnect_hw_server localhost:3121
connect_hw_server
open_hw_target
disconnect_hw_server localhost:3121
connect_hw_server -url localhost:3121
current_hw_target [get_hw_targets */xilinx_tcf/Zybo Z7/Digilent Zybo Z7]
current_hw_target [get_hw_targets */xilinx_tcf/ZyboZ7/DigilentZyboZ7]
get_hw_targets
current_hw_target [get_hw_targets localhost:3121/xilinx_tcf/Zybo Z7/Digilent Zybo Z7]
reset_property UID [get_hw_targets {localhost:3121/xilinx_tcf/Zybo Z7/Digilent Zybo Z7}]
open_hw_target {localhost:3121/xilinx_tcf/Zybo Z7/Digilent Zybo Z7}
disconnect_hw_server localhost:3121
connect_hw_server -url localhost:3121
current_hw_target [get_hw_targets */xilinx_tcf/Zybo Z7/Digilent Zybo Z7]
close_hw
