11:16:16 **** Auto Build of configuration Debug for project CZT ****
make pre-build main-build 
a9-linaro-pre-build-step
' '
'Building file: ../src/helloworld.c'
'Invoking: ARM v7 gcc compiler'
arm-none-eabi-gcc -Wall -O0 -g3 -c -fmessage-length=0 -MT"src/helloworld.o" -mcpu=cortex-a9 -mfpu=vfpv3 -mfloat-abi=hard -I../../CZT_bsp/ps7_cortexa9_0/include -MMD -MP -MF"src/helloworld.d" -MT"src/helloworld.o" -o "src/helloworld.o" "../src/helloworld.c"
'Finished building: ../src/helloworld.c'
' '
'Building target: CZT.elf'
'Invoking: ARM v7 gcc linker'
arm-none-eabi-gcc -mcpu=cortex-a9 -mfpu=vfpv3 -mfloat-abi=hard -Wl,-build-id=none -specs=Xilinx.spec -Wl,-T -Wl,../src/lscript.ld -L../../CZT_bsp/ps7_cortexa9_0/lib -o "CZT.elf"  ./src/SPIFunctions.o ./src/helloworld.o ./src/platform.o   -Wl,--start-group,-lxil,-lgcc,-lc,--end-group
'Finished building target: CZT.elf'
' '
'Invoking: ARM v7 Print Size'
arm-none-eabi-size CZT.elf  |tee "CZT.elf.size"
   text	   data	    bss	    dec	    hex	filename
  29428	   1544	  23256	  54228	   d3d4	CZT.elf
'Finished building: CZT.elf.size'
' '

11:16:17 Build Finished (took 1s.497ms)

