17:32:38 **** Build of project CZT_bsp ****
make -k all 
"Running Make include in ps7_cortexa9_0/libsrc/coresightps_dcc_v1_5/src"
make -C ps7_cortexa9_0/libsrc/coresightps_dcc_v1_5/src -s include  "SHELL=CMD" "COMPILER=arm-none-eabi-gcc" "ARCHIVER=arm-none-eabi-ar" "COMPILER_FLAGS=  -O2 -c" "EXTRA_COMPILER_FLAGS=-mcpu=cortex-a9 -mfpu=vfpv3 -mfloat-abi=hard -nostartfiles -g -Wall -Wextra"
"Running Make include in ps7_cortexa9_0/libsrc/cpu_cortexa9_v2_7/src"
make -C ps7_cortexa9_0/libsrc/cpu_cortexa9_v2_7/src -s include  "SHELL=CMD" "COMPILER=arm-none-eabi-gcc" "ARCHIVER=arm-none-eabi-ar" "COMPILER_FLAGS=  -O2 -c" "EXTRA_COMPILER_FLAGS=-mcpu=cortex-a9 -mfpu=vfpv3 -mfloat-abi=hard -nostartfiles -g -Wall -Wextra"
"Running Make include in ps7_cortexa9_0/libsrc/ddrps_v1_0/src"
make -C ps7_cortexa9_0/libsrc/ddrps_v1_0/src -s include  "SHELL=CMD" "COMPILER=arm-none-eabi-gcc" "ARCHIVER=arm-none-eabi-ar" "COMPILER_FLAGS=  -O2 -c" "EXTRA_COMPILER_FLAGS=-mcpu=cortex-a9 -mfpu=vfpv3 -mfloat-abi=hard -nostartfiles -g -Wall -Wextra"
"Running Make include in ps7_cortexa9_0/libsrc/devcfg_v3_5/src"
make -C ps7_cortexa9_0/libsrc/devcfg_v3_5/src -s include  "SHELL=CMD" "COMPILER=arm-none-eabi-gcc" "ARCHIVER=arm-none-eabi-ar" "COMPILER_FLAGS=  -O2 -c" "EXTRA_COMPILER_FLAGS=-mcpu=cortex-a9 -mfpu=vfpv3 -mfloat-abi=hard -nostartfiles -g -Wall -Wextra"
"Running Make include in ps7_cortexa9_0/libsrc/dmaps_v2_4/src"
make -C ps7_cortexa9_0/libsrc/dmaps_v2_4/src -s include  "SHELL=CMD" "COMPILER=arm-none-eabi-gcc" "ARCHIVER=arm-none-eabi-ar" "COMPILER_FLAGS=  -O2 -c" "EXTRA_COMPILER_FLAGS=-mcpu=cortex-a9 -mfpu=vfpv3 -mfloat-abi=hard -nostartfiles -g -Wall -Wextra"
"Running Make include in ps7_cortexa9_0/libsrc/gpiops_v3_5/src"
make -C ps7_cortexa9_0/libsrc/gpiops_v3_5/src -s include  "SHELL=CMD" "COMPILER=arm-none-eabi-gcc" "ARCHIVER=arm-none-eabi-ar" "COMPILER_FLAGS=  -O2 -c" "EXTRA_COMPILER_FLAGS=-mcpu=cortex-a9 -mfpu=vfpv3 -mfloat-abi=hard -nostartfiles -g -Wall -Wextra"
"Running Make include in ps7_cortexa9_0/libsrc/gpio_v4_4/src"
make -C ps7_cortexa9_0/libsrc/gpio_v4_4/src -s include  "SHELL=CMD" "COMPILER=arm-none-eabi-gcc" "ARCHIVER=arm-none-eabi-ar" "COMPILER_FLAGS=  -O2 -c" "EXTRA_COMPILER_FLAGS=-mcpu=cortex-a9 -mfpu=vfpv3 -mfloat-abi=hard -nostartfiles -g -Wall -Wextra"
"Running Make include in ps7_cortexa9_0/libsrc/scugic_v4_0/src"
make -C ps7_cortexa9_0/libsrc/scugic_v4_0/src -s include  "SHELL=CMD" "COMPILER=arm-none-eabi-gcc" "ARCHIVER=arm-none-eabi-ar" "COMPILER_FLAGS=  -O2 -c" "EXTRA_COMPILER_FLAGS=-mcpu=cortex-a9 -mfpu=vfpv3 -mfloat-abi=hard -nostartfiles -g -Wall -Wextra"
"Running Make include in ps7_cortexa9_0/libsrc/scutimer_v2_1/src"
make -C ps7_cortexa9_0/libsrc/scutimer_v2_1/src -s include  "SHELL=CMD" "COMPILER=arm-none-eabi-gcc" "ARCHIVER=arm-none-eabi-ar" "COMPILER_FLAGS=  -O2 -c" "EXTRA_COMPILER_FLAGS=-mcpu=cortex-a9 -mfpu=vfpv3 -mfloat-abi=hard -nostartfiles -g -Wall -Wextra"
"Running Make include in ps7_cortexa9_0/libsrc/scuwdt_v2_1/src"
make -C ps7_cortexa9_0/libsrc/scuwdt_v2_1/src -s include  "SHELL=CMD" "COMPILER=arm-none-eabi-gcc" "ARCHIVER=arm-none-eabi-ar" "COMPILER_FLAGS=  -O2 -c" "EXTRA_COMPILER_FLAGS=-mcpu=cortex-a9 -mfpu=vfpv3 -mfloat-abi=hard -nostartfiles -g -Wall -Wextra"
"Running Make include in ps7_cortexa9_0/libsrc/standalone_v7_0/src"
make -C ps7_cortexa9_0/libsrc/standalone_v7_0/src -s include  "SHELL=CMD" "COMPILER=arm-none-eabi-gcc" "ARCHIVER=arm-none-eabi-ar" "COMPILER_FLAGS=  -O2 -c" "EXTRA_COMPILER_FLAGS=-mcpu=cortex-a9 -mfpu=vfpv3 -mfloat-abi=hard -nostartfiles -g -Wall -Wextra"
"Running Make include in ps7_cortexa9_0/libsrc/uartps_v3_7/src"
make -C ps7_cortexa9_0/libsrc/uartps_v3_7/src -s include  "SHELL=CMD" "COMPILER=arm-none-eabi-gcc" "ARCHIVER=arm-none-eabi-ar" "COMPILER_FLAGS=  -O2 -c" "EXTRA_COMPILER_FLAGS=-mcpu=cortex-a9 -mfpu=vfpv3 -mfloat-abi=hard -nostartfiles -g -Wall -Wextra"
"Running Make include in ps7_cortexa9_0/libsrc/xadcps_v2_3/src"
make -C ps7_cortexa9_0/libsrc/xadcps_v2_3/src -s include  "SHELL=CMD" "COMPILER=arm-none-eabi-gcc" "ARCHIVER=arm-none-eabi-ar" "COMPILER_FLAGS=  -O2 -c" "EXTRA_COMPILER_FLAGS=-mcpu=cortex-a9 -mfpu=vfpv3 -mfloat-abi=hard -nostartfiles -g -Wall -Wextra"
"Running Make libs in ps7_cortexa9_0/libsrc/coresightps_dcc_v1_5/src"
make -C ps7_cortexa9_0/libsrc/coresightps_dcc_v1_5/src -s libs  "SHELL=CMD" "COMPILER=arm-none-eabi-gcc" "ARCHIVER=arm-none-eabi-ar" "COMPILER_FLAGS=  -O2 -c" "EXTRA_COMPILER_FLAGS=-mcpu=cortex-a9 -mfpu=vfpv3 -mfloat-abi=hard -nostartfiles -g -Wall -Wextra"
"Compiling coresightps_dcc"
arm-none-eabi-ar: creating ../../../lib/libxil.a
"Running Make libs in ps7_cortexa9_0/libsrc/cpu_cortexa9_v2_7/src"
make -C ps7_cortexa9_0/libsrc/cpu_cortexa9_v2_7/src -s libs  "SHELL=CMD" "COMPILER=arm-none-eabi-gcc" "ARCHIVER=arm-none-eabi-ar" "COMPILER_FLAGS=  -O2 -c" "EXTRA_COMPILER_FLAGS=-mcpu=cortex-a9 -mfpu=vfpv3 -mfloat-abi=hard -nostartfiles -g -Wall -Wextra"
"Compiling cpu_cortexa9"
"Running Make libs in ps7_cortexa9_0/libsrc/ddrps_v1_0/src"
make -C ps7_cortexa9_0/libsrc/ddrps_v1_0/src -s libs  "SHELL=CMD" "COMPILER=arm-none-eabi-gcc" "ARCHIVER=arm-none-eabi-ar" "COMPILER_FLAGS=  -O2 -c" "EXTRA_COMPILER_FLAGS=-mcpu=cortex-a9 -mfpu=vfpv3 -mfloat-abi=hard -nostartfiles -g -Wall -Wextra"
"Compiling ddrps"
"Running Make libs in ps7_cortexa9_0/libsrc/devcfg_v3_5/src"
make -C ps7_cortexa9_0/libsrc/devcfg_v3_5/src -s libs  "SHELL=CMD" "COMPILER=arm-none-eabi-gcc" "ARCHIVER=arm-none-eabi-ar" "COMPILER_FLAGS=  -O2 -c" "EXTRA_COMPILER_FLAGS=-mcpu=cortex-a9 -mfpu=vfpv3 -mfloat-abi=hard -nostartfiles -g -Wall -Wextra"
"Compiling devcfg"
"Running Make libs in ps7_cortexa9_0/libsrc/dmaps_v2_4/src"
make -C ps7_cortexa9_0/libsrc/dmaps_v2_4/src -s libs  "SHELL=CMD" "COMPILER=arm-none-eabi-gcc" "ARCHIVER=arm-none-eabi-ar" "COMPILER_FLAGS=  -O2 -c" "EXTRA_COMPILER_FLAGS=-mcpu=cortex-a9 -mfpu=vfpv3 -mfloat-abi=hard -nostartfiles -g -Wall -Wextra"
"Compiling dmaps"
"Running Make libs in ps7_cortexa9_0/libsrc/gpiops_v3_5/src"
make -C ps7_cortexa9_0/libsrc/gpiops_v3_5/src -s libs  "SHELL=CMD" "COMPILER=arm-none-eabi-gcc" "ARCHIVER=arm-none-eabi-ar" "COMPILER_FLAGS=  -O2 -c" "EXTRA_COMPILER_FLAGS=-mcpu=cortex-a9 -mfpu=vfpv3 -mfloat-abi=hard -nostartfiles -g -Wall -Wextra"
"Compiling gpiops"
"Running Make libs in ps7_cortexa9_0/libsrc/gpio_v4_4/src"
make -C ps7_cortexa9_0/libsrc/gpio_v4_4/src -s libs  "SHELL=CMD" "COMPILER=arm-none-eabi-gcc" "ARCHIVER=arm-none-eabi-ar" "COMPILER_FLAGS=  -O2 -c" "EXTRA_COMPILER_FLAGS=-mcpu=cortex-a9 -mfpu=vfpv3 -mfloat-abi=hard -nostartfiles -g -Wall -Wextra"
"Compiling gpio"
"Running Make libs in ps7_cortexa9_0/libsrc/scugic_v4_0/src"
make -C ps7_cortexa9_0/libsrc/scugic_v4_0/src -s libs  "SHELL=CMD" "COMPILER=arm-none-eabi-gcc" "ARCHIVER=arm-none-eabi-ar" "COMPILER_FLAGS=  -O2 -c" "EXTRA_COMPILER_FLAGS=-mcpu=cortex-a9 -mfpu=vfpv3 -mfloat-abi=hard -nostartfiles -g -Wall -Wextra"
"Compiling scugic"
"Running Make libs in ps7_cortexa9_0/libsrc/scutimer_v2_1/src"
make -C ps7_cortexa9_0/libsrc/scutimer_v2_1/src -s libs  "SHELL=CMD" "COMPILER=arm-none-eabi-gcc" "ARCHIVER=arm-none-eabi-ar" "COMPILER_FLAGS=  -O2 -c" "EXTRA_COMPILER_FLAGS=-mcpu=cortex-a9 -mfpu=vfpv3 -mfloat-abi=hard -nostartfiles -g -Wall -Wextra"
"Compiling scutimer"
"Running Make libs in ps7_cortexa9_0/libsrc/scuwdt_v2_1/src"
make -C ps7_cortexa9_0/libsrc/scuwdt_v2_1/src -s libs  "SHELL=CMD" "COMPILER=arm-none-eabi-gcc" "ARCHIVER=arm-none-eabi-ar" "COMPILER_FLAGS=  -O2 -c" "EXTRA_COMPILER_FLAGS=-mcpu=cortex-a9 -mfpu=vfpv3 -mfloat-abi=hard -nostartfiles -g -Wall -Wextra"
"Compiling scuwdt"
"Running Make libs in ps7_cortexa9_0/libsrc/standalone_v7_0/src"
make -C ps7_cortexa9_0/libsrc/standalone_v7_0/src -s libs  "SHELL=CMD" "COMPILER=arm-none-eabi-gcc" "ARCHIVER=arm-none-eabi-ar" "COMPILER_FLAGS=  -O2 -c" "EXTRA_COMPILER_FLAGS=-mcpu=cortex-a9 -mfpu=vfpv3 -mfloat-abi=hard -nostartfiles -g -Wall -Wextra"
"Compiling standalone"
In file included from usleep.c:56:
xtime_l.h:87:9: note: #pragma message: For the sleep routines, Global timer is being used
 #pragma message ("For the sleep routines, Global timer is being used")
         ^~~~~~~
In file included from xil_sleeptimer.c:51:
xtime_l.h:87:9: note: #pragma message: For the sleep routines, Global timer is being used
 #pragma message ("For the sleep routines, Global timer is being used")
         ^~~~~~~
In file included from xtime_l.c:49:
xtime_l.h:87:9: note: #pragma message: For the sleep routines, Global timer is being used
 #pragma message ("For the sleep routines, Global timer is being used")
         ^~~~~~~
In file included from sleep.c:53:
xtime_l.h:87:9: note: #pragma message: For the sleep routines, Global timer is being used
 #pragma message ("For the sleep routines, Global timer is being used")
         ^~~~~~~
"Running Make libs in ps7_cortexa9_0/libsrc/uartps_v3_7/src"
make -C ps7_cortexa9_0/libsrc/uartps_v3_7/src -s libs  "SHELL=CMD" "COMPILER=arm-none-eabi-gcc" "ARCHIVER=arm-none-eabi-ar" "COMPILER_FLAGS=  -O2 -c" "EXTRA_COMPILER_FLAGS=-mcpu=cortex-a9 -mfpu=vfpv3 -mfloat-abi=hard -nostartfiles -g -Wall -Wextra"
"Compiling uartps"
"Running Make libs in ps7_cortexa9_0/libsrc/xadcps_v2_3/src"
make -C ps7_cortexa9_0/libsrc/xadcps_v2_3/src -s libs  "SHELL=CMD" "COMPILER=arm-none-eabi-gcc" "ARCHIVER=arm-none-eabi-ar" "COMPILER_FLAGS=  -O2 -c" "EXTRA_COMPILER_FLAGS=-mcpu=cortex-a9 -mfpu=vfpv3 -mfloat-abi=hard -nostartfiles -g -Wall -Wextra"
"Compiling xadcps"
'Finished building libraries'
17:33:04 **** Build of configuration Debug for project CZT ****
make pre-build main-build 
a9-linaro-pre-build-step
' '
'Building file: ../src/helloworld.c'
'Invoking: ARM v7 gcc compiler'
arm-none-eabi-gcc -Wall -O0 -g3 -c -fmessage-length=0 -MT"src/helloworld.o" -mcpu=cortex-a9 -mfpu=vfpv3 -mfloat-abi=hard -I../../CZT_bsp/ps7_cortexa9_0/include -MMD -MP -MF"src/helloworld.d" -MT"src/helloworld.o" -o "src/helloworld.o" "../src/helloworld.c"
'Finished building: ../src/helloworld.c'
' '
'Building file: ../src/platform.c'
'Invoking: ARM v7 gcc compiler'
arm-none-eabi-gcc -Wall -O0 -g3 -c -fmessage-length=0 -MT"src/platform.o" -mcpu=cortex-a9 -mfpu=vfpv3 -mfloat-abi=hard -I../../CZT_bsp/ps7_cortexa9_0/include -MMD -MP -MF"src/platform.d" -MT"src/platform.o" -o "src/platform.o" "../src/platform.c"
'Finished building: ../src/platform.c'
' '
'Building target: CZT.elf'
'Invoking: ARM v7 gcc linker'
arm-none-eabi-gcc -mcpu=cortex-a9 -mfpu=vfpv3 -mfloat-abi=hard -Wl,-build-id=none -specs=Xilinx.spec -Wl,-T -Wl,../src/lscript.ld -L../../CZT_bsp/ps7_cortexa9_0/lib -o "CZT.elf"  ./src/helloworld.o ./src/platform.o   -Wl,--start-group,-lxil,-lgcc,-lc,--end-group
'Finished building target: CZT.elf'
' '
'Invoking: ARM v7 Print Size'
arm-none-eabi-size CZT.elf  |tee "CZT.elf.size"
   text	   data	    bss	    dec	    hex	filename
  19064	   1144	  22568	  42776	   a718	CZT.elf
'Finished building: CZT.elf.size'
' '
17:33:57 **** Auto Build of configuration Debug for project CZT ****
make pre-build main-build 
a9-linaro-pre-build-step
' '
make: Nothing to be done for 'main-build'.
17:34:14 **** Auto Build of configuration Debug for project CZT ****
make pre-build main-build 
a9-linaro-pre-build-step
' '
'Building file: ../src/SPIFunctions.c'
'Invoking: ARM v7 gcc compiler'
arm-none-eabi-gcc -Wall -O0 -g3 -c -fmessage-length=0 -MT"src/SPIFunctions.o" -mcpu=cortex-a9 -mfpu=vfpv3 -mfloat-abi=hard -I../../CZT_bsp/ps7_cortexa9_0/include -MMD -MP -MF"src/SPIFunctions.d" -MT"src/SPIFunctions.o" -o "src/SPIFunctions.o" "../src/SPIFunctions.c"
'Finished building: ../src/SPIFunctions.c'
' '
'Building target: CZT.elf'
'Invoking: ARM v7 gcc linker'
arm-none-eabi-gcc -mcpu=cortex-a9 -mfpu=vfpv3 -mfloat-abi=hard -Wl,-build-id=none -specs=Xilinx.spec -Wl,-T -Wl,../src/lscript.ld -L../../CZT_bsp/ps7_cortexa9_0/lib -o "CZT.elf"  ./src/SPIFunctions.o ./src/helloworld.o ./src/platform.o   -Wl,--start-group,-lxil,-lgcc,-lc,--end-group
'Finished building target: CZT.elf'
' '
'Invoking: ARM v7 Print Size'
arm-none-eabi-size CZT.elf  |tee "CZT.elf.size"
   text	   data	    bss	    dec	    hex	filename
  19064	   1144	  22568	  42776	   a718	CZT.elf
'Finished building: CZT.elf.size'
' '
17:37:01 **** Auto Build of configuration Debug for project CZT ****
make pre-build main-build 
a9-linaro-pre-build-step
' '
'Building file: ../src/helloworld.c'
'Invoking: ARM v7 gcc compiler'
arm-none-eabi-gcc -Wall -O0 -g3 -c -fmessage-length=0 -MT"src/helloworld.o" -mcpu=cortex-a9 -mfpu=vfpv3 -mfloat-abi=hard -I../../CZT_bsp/ps7_cortexa9_0/include -MMD -MP -MF"src/helloworld.d" -MT"src/helloworld.o" -o "src/helloworld.o" "../src/helloworld.c"
'Finished building: ../src/helloworld.c'
' '
'Building target: CZT.elf'
'Invoking: ARM v7 gcc linker'
arm-none-eabi-gcc -mcpu=cortex-a9 -mfpu=vfpv3 -mfloat-abi=hard -Wl,-build-id=none -specs=Xilinx.spec -Wl,-T -Wl,../src/lscript.ld -L../../CZT_bsp/ps7_cortexa9_0/lib -o "CZT.elf"  ./src/SPIFunctions.o ./src/helloworld.o ./src/platform.o   -Wl,--start-group,-lxil,-lgcc,-lc,--end-group
'Finished building target: CZT.elf'
' '
'Invoking: ARM v7 Print Size'
arm-none-eabi-size CZT.elf  |tee "CZT.elf.size"
   text	   data	    bss	    dec	    hex	filename
  19064	   1144	  22568	  42776	   a718	CZT.elf
'Finished building: CZT.elf.size'
' '
11:00:38 **** Clean-only build of configuration Debug for project CZT ****
make clean 
rm -rf  ./src/SPIFunctions.o ./src/helloworld.o ./src/platform.o  ./src/SPIFunctions.d ./src/helloworld.d ./src/platform.d  CZT.elf.size  CZT.elf
' '
11:00:40 **** Auto Build of configuration Debug for project CZT ****
make pre-build main-build 
a9-linaro-pre-build-step
' '
'Building file: ../src/SPIFunctions.c'
'Invoking: ARM v7 gcc compiler'
arm-none-eabi-gcc -Wall -O0 -g3 -c -fmessage-length=0 -MT"src/SPIFunctions.o" -mcpu=cortex-a9 -mfpu=vfpv3 -mfloat-abi=hard -I../../CZT_bsp/ps7_cortexa9_0/include -MMD -MP -MF"src/SPIFunctions.d" -MT"src/SPIFunctions.o" -o "src/SPIFunctions.o" "../src/SPIFunctions.c"
'Finished building: ../src/SPIFunctions.c'
' '
'Building file: ../src/helloworld.c'
'Invoking: ARM v7 gcc compiler'
arm-none-eabi-gcc -Wall -O0 -g3 -c -fmessage-length=0 -MT"src/helloworld.o" -mcpu=cortex-a9 -mfpu=vfpv3 -mfloat-abi=hard -I../../CZT_bsp/ps7_cortexa9_0/include -MMD -MP -MF"src/helloworld.d" -MT"src/helloworld.o" -o "src/helloworld.o" "../src/helloworld.c"
'Finished building: ../src/helloworld.c'
' '
'Building file: ../src/platform.c'
'Invoking: ARM v7 gcc compiler'
arm-none-eabi-gcc -Wall -O0 -g3 -c -fmessage-length=0 -MT"src/platform.o" -mcpu=cortex-a9 -mfpu=vfpv3 -mfloat-abi=hard -I../../CZT_bsp/ps7_cortexa9_0/include -MMD -MP -MF"src/platform.d" -MT"src/platform.o" -o "src/platform.o" "../src/platform.c"
'Finished building: ../src/platform.c'
' '
'Building target: CZT.elf'
'Invoking: ARM v7 gcc linker'
arm-none-eabi-gcc -mcpu=cortex-a9 -mfpu=vfpv3 -mfloat-abi=hard -Wl,-build-id=none -specs=Xilinx.spec -Wl,-T -Wl,../src/lscript.ld -L../../CZT_bsp/ps7_cortexa9_0/lib -o "CZT.elf"  ./src/SPIFunctions.o ./src/helloworld.o ./src/platform.o   -Wl,--start-group,-lxil,-lgcc,-lc,--end-group
'Finished building target: CZT.elf'
' '
'Invoking: ARM v7 Print Size'
arm-none-eabi-size CZT.elf  |tee "CZT.elf.size"
   text	   data	    bss	    dec	    hex	filename
  19064	   1144	  22568	  42776	   a718	CZT.elf
'Finished building: CZT.elf.size'
' '
11:01:30 **** Auto Build of configuration Debug for project CZT ****
make pre-build main-build 
a9-linaro-pre-build-step
' '
'Building file: ../src/helloworld.c'
'Invoking: ARM v7 gcc compiler'
arm-none-eabi-gcc -Wall -O0 -g3 -c -fmessage-length=0 -MT"src/helloworld.o" -mcpu=cortex-a9 -mfpu=vfpv3 -mfloat-abi=hard -I../../CZT_bsp/ps7_cortexa9_0/include -MMD -MP -MF"src/helloworld.d" -MT"src/helloworld.o" -o "src/helloworld.o" "../src/helloworld.c"
'Finished building: ../src/helloworld.c'
' '
'Building target: CZT.elf'
'Invoking: ARM v7 gcc linker'
arm-none-eabi-gcc -mcpu=cortex-a9 -mfpu=vfpv3 -mfloat-abi=hard -Wl,-build-id=none -specs=Xilinx.spec -Wl,-T -Wl,../src/lscript.ld -L../../CZT_bsp/ps7_cortexa9_0/lib -o "CZT.elf"  ./src/SPIFunctions.o ./src/helloworld.o ./src/platform.o   -Wl,--start-group,-lxil,-lgcc,-lc,--end-group
'Finished building target: CZT.elf'
' '
'Invoking: ARM v7 Print Size'
arm-none-eabi-size CZT.elf  |tee "CZT.elf.size"
   text	   data	    bss	    dec	    hex	filename
  29428	   1544	  23256	  54228	   d3d4	CZT.elf
'Finished building: CZT.elf.size'
' '
11:16:13 **** Auto Build of configuration Debug for project CZT ****
make pre-build main-build 
a9-linaro-pre-build-step
' '
'Building file: ../src/SPIFunctions.c'
'Invoking: ARM v7 gcc compiler'
arm-none-eabi-gcc -Wall -O0 -g3 -c -fmessage-length=0 -MT"src/SPIFunctions.o" -mcpu=cortex-a9 -mfpu=vfpv3 -mfloat-abi=hard -I../../CZT_bsp/ps7_cortexa9_0/include -MMD -MP -MF"src/SPIFunctions.d" -MT"src/SPIFunctions.o" -o "src/SPIFunctions.o" "../src/SPIFunctions.c"
'Finished building: ../src/SPIFunctions.c'
' '
'Building target: CZT.elf'
'Invoking: ARM v7 gcc linker'
arm-none-eabi-gcc -mcpu=cortex-a9 -mfpu=vfpv3 -mfloat-abi=hard -Wl,-build-id=none -specs=Xilinx.spec -Wl,-T -Wl,../src/lscript.ld -L../../CZT_bsp/ps7_cortexa9_0/lib -o "CZT.elf"  ./src/SPIFunctions.o ./src/helloworld.o ./src/platform.o   -Wl,--start-group,-lxil,-lgcc,-lc,--end-group
'Finished building target: CZT.elf'
' '
'Invoking: ARM v7 Print Size'
arm-none-eabi-size CZT.elf  |tee "CZT.elf.size"
   text	   data	    bss	    dec	    hex	filename
  29428	   1544	  23256	  54228	   d3d4	CZT.elf
'Finished building: CZT.elf.size'
' '
11:16:16 **** Auto Build of configuration Debug for project CZT ****
make pre-build main-build 
a9-linaro-pre-build-step
' '
'Building file: ../src/helloworld.c'
'Invoking: ARM v7 gcc compiler'
arm-none-eabi-gcc -Wall -O0 -g3 -c -fmessage-length=0 -MT"src/helloworld.o" -mcpu=cortex-a9 -mfpu=vfpv3 -mfloat-abi=hard -I../../CZT_bsp/ps7_cortexa9_0/include -MMD -MP -MF"src/helloworld.d" -MT"src/helloworld.o" -o "src/helloworld.o" "../src/helloworld.c"
'Finished building: ../src/helloworld.c'
' '
'Building target: CZT.elf'
'Invoking: ARM v7 gcc linker'
arm-none-eabi-gcc -mcpu=cortex-a9 -mfpu=vfpv3 -mfloat-abi=hard -Wl,-build-id=none -specs=Xilinx.spec -Wl,-T -Wl,../src/lscript.ld -L../../CZT_bsp/ps7_cortexa9_0/lib -o "CZT.elf"  ./src/SPIFunctions.o ./src/helloworld.o ./src/platform.o   -Wl,--start-group,-lxil,-lgcc,-lc,--end-group
'Finished building target: CZT.elf'
' '
'Invoking: ARM v7 Print Size'
arm-none-eabi-size CZT.elf  |tee "CZT.elf.size"
   text	   data	    bss	    dec	    hex	filename
  29428	   1544	  23256	  54228	   d3d4	CZT.elf
'Finished building: CZT.elf.size'
' '
14:42:32 **** Auto Build of configuration Debug for project CZT ****
make pre-build main-build 
a9-linaro-pre-build-step
' '
'Building file: ../src/helloworld.c'
'Invoking: ARM v7 gcc compiler'
arm-none-eabi-gcc -Wall -O0 -g3 -c -fmessage-length=0 -MT"src/helloworld.o" -mcpu=cortex-a9 -mfpu=vfpv3 -mfloat-abi=hard -I../../CZT_bsp/ps7_cortexa9_0/include -MMD -MP -MF"src/helloworld.d" -MT"src/helloworld.o" -o "src/helloworld.o" "../src/helloworld.c"
'Finished building: ../src/helloworld.c'
' '
'Building target: CZT.elf'
'Invoking: ARM v7 gcc linker'
arm-none-eabi-gcc -mcpu=cortex-a9 -mfpu=vfpv3 -mfloat-abi=hard -Wl,-build-id=none -specs=Xilinx.spec -Wl,-T -Wl,../src/lscript.ld -L../../CZT_bsp/ps7_cortexa9_0/lib -o "CZT.elf"  ./src/SPIFunctions.o ./src/helloworld.o ./src/platform.o   -Wl,--start-group,-lxil,-lgcc,-lc,--end-group
'Finished building target: CZT.elf'
' '
'Invoking: ARM v7 Print Size'
arm-none-eabi-size CZT.elf  |tee "CZT.elf.size"
   text	   data	    bss	    dec	    hex	filename
  29468	   1544	  23256	  54268	   d3fc	CZT.elf
'Finished building: CZT.elf.size'
' '
15:18:58 **** Auto Build of configuration Debug for project CZT ****
make pre-build main-build 
a9-linaro-pre-build-step
' '
'Building file: ../src/main.c'
'Invoking: ARM v7 gcc compiler'
arm-none-eabi-gcc -Wall -O0 -g3 -c -fmessage-length=0 -MT"src/main.o" -mcpu=cortex-a9 -mfpu=vfpv3 -mfloat-abi=hard -I../../CZT_bsp/ps7_cortexa9_0/include -MMD -MP -MF"src/main.d" -MT"src/main.o" -o "src/main.o" "../src/main.c"
'Finished building: ../src/main.c'
' '
'Building target: CZT.elf'
'Invoking: ARM v7 gcc linker'
arm-none-eabi-gcc -mcpu=cortex-a9 -mfpu=vfpv3 -mfloat-abi=hard -Wl,-build-id=none -specs=Xilinx.spec -Wl,-T -Wl,../src/lscript.ld -L../../CZT_bsp/ps7_cortexa9_0/lib -o "CZT.elf"  ./src/SPIFunctions.o ./src/helloworld.o ./src/main.o ./src/platform.o   -Wl,--start-group,-lxil,-lgcc,-lc,--end-group
'Finished building target: CZT.elf'
' '
'Invoking: ARM v7 Print Size'
arm-none-eabi-size CZT.elf  |tee "CZT.elf.size"
   text	   data	    bss	    dec	    hex	filename
  29468	   1544	  23256	  54268	   d3fc	CZT.elf
'Finished building: CZT.elf.size'
' '
15:19:19 **** Auto Build of configuration Debug for project CZT ****
make pre-build main-build 
a9-linaro-pre-build-step
' '
'Building file: ../src/helloworld.c'
'Invoking: ARM v7 gcc compiler'
arm-none-eabi-gcc -Wall -O0 -g3 -c -fmessage-length=0 -MT"src/helloworld.o" -mcpu=cortex-a9 -mfpu=vfpv3 -mfloat-abi=hard -I../../CZT_bsp/ps7_cortexa9_0/include -MMD -MP -MF"src/helloworld.d" -MT"src/helloworld.o" -o "src/helloworld.o" "../src/helloworld.c"
'Finished building: ../src/helloworld.c'
' '
'Building target: CZT.elf'
'Invoking: ARM v7 gcc linker'
arm-none-eabi-gcc -mcpu=cortex-a9 -mfpu=vfpv3 -mfloat-abi=hard -Wl,-build-id=none -specs=Xilinx.spec -Wl,-T -Wl,../src/lscript.ld -L../../CZT_bsp/ps7_cortexa9_0/lib -o "CZT.elf"  ./src/SPIFunctions.o ./src/helloworld.o ./src/main.o ./src/platform.o   -Wl,--start-group,-lxil,-lgcc,-lc,--end-group
f:/fpga/xilinx/sdk/2019.1/gnu/aarch32/nt/gcc-arm-none-eabi/bin/../lib/gcc/arm-none-eabi/8.2.0/../../../../arm-none-eabi/bin/ld.exe: ../../CZT_bsp/ps7_cortexa9_0/lib\libxil.a(xil-crt0.o): in function `_start':
F:\DAKSHA\CommSrcs\FPGA\CZT\CZT.sdk\CZT_bsp\ps7_cortexa9_0\libsrc\standalone_v7_0\src/xil-crt0.S:138: undefined reference to `main'
collect2.exe: error: ld returned 1 exit status
make: *** [makefile:41: CZT.elf] Error 1
15:19:24 **** Auto Build of configuration Debug for project CZT ****
make pre-build main-build 
a9-linaro-pre-build-step
' '
'Building file: ../src/main.c'
'Invoking: ARM v7 gcc compiler'
arm-none-eabi-gcc -Wall -O0 -g3 -c -fmessage-length=0 -MT"src/main.o" -mcpu=cortex-a9 -mfpu=vfpv3 -mfloat-abi=hard -I../../CZT_bsp/ps7_cortexa9_0/include -MMD -MP -MF"src/main.d" -MT"src/main.o" -o "src/main.o" "../src/main.c"
'Finished building: ../src/main.c'
' '
'Building target: CZT.elf'
'Invoking: ARM v7 gcc linker'
arm-none-eabi-gcc -mcpu=cortex-a9 -mfpu=vfpv3 -mfloat-abi=hard -Wl,-build-id=none -specs=Xilinx.spec -Wl,-T -Wl,../src/lscript.ld -L../../CZT_bsp/ps7_cortexa9_0/lib -o "CZT.elf"  ./src/SPIFunctions.o ./src/helloworld.o ./src/main.o ./src/platform.o   -Wl,--start-group,-lxil,-lgcc,-lc,--end-group
'Finished building target: CZT.elf'
' '
'Invoking: ARM v7 Print Size'
arm-none-eabi-size CZT.elf  |tee "CZT.elf.size"
   text	   data	    bss	    dec	    hex	filename
  29516	   1544	  23256	  54316	   d42c	CZT.elf
'Finished building: CZT.elf.size'
' '
15:19:30 **** Auto Build of configuration Debug for project CZT ****
make pre-build main-build 
a9-linaro-pre-build-step
' '
'Building file: ../src/SPIFunctions.c'
'Invoking: ARM v7 gcc compiler'
arm-none-eabi-gcc -Wall -O0 -g3 -c -fmessage-length=0 -MT"src/SPIFunctions.o" -mcpu=cortex-a9 -mfpu=vfpv3 -mfloat-abi=hard -I../../CZT_bsp/ps7_cortexa9_0/include -MMD -MP -MF"src/SPIFunctions.d" -MT"src/SPIFunctions.o" -o "src/SPIFunctions.o" "../src/SPIFunctions.c"
'Finished building: ../src/SPIFunctions.c'
' '
'Building target: CZT.elf'
'Invoking: ARM v7 gcc linker'
arm-none-eabi-gcc -mcpu=cortex-a9 -mfpu=vfpv3 -mfloat-abi=hard -Wl,-build-id=none -specs=Xilinx.spec -Wl,-T -Wl,../src/lscript.ld -L../../CZT_bsp/ps7_cortexa9_0/lib -o "CZT.elf"  ./src/SPIFunctions.o ./src/helloworld.o ./src/main.o ./src/platform.o   -Wl,--start-group,-lxil,-lgcc,-lc,--end-group
'Finished building target: CZT.elf'
' '
'Invoking: ARM v7 Print Size'
arm-none-eabi-size CZT.elf  |tee "CZT.elf.size"
   text	   data	    bss	    dec	    hex	filename
  29516	   1544	  23256	  54316	   d42c	CZT.elf
'Finished building: CZT.elf.size'
' '
15:19:31 **** Auto Build of configuration Debug for project CZT ****
make pre-build main-build 
a9-linaro-pre-build-step
' '
'Building file: ../src/helloworld.c'
'Invoking: ARM v7 gcc compiler'
arm-none-eabi-gcc -Wall -O0 -g3 -c -fmessage-length=0 -MT"src/helloworld.o" -mcpu=cortex-a9 -mfpu=vfpv3 -mfloat-abi=hard -I../../CZT_bsp/ps7_cortexa9_0/include -MMD -MP -MF"src/helloworld.d" -MT"src/helloworld.o" -o "src/helloworld.o" "../src/helloworld.c"
'Finished building: ../src/helloworld.c'
' '
'Building file: ../src/main.c'
'Invoking: ARM v7 gcc compiler'
arm-none-eabi-gcc -Wall -O0 -g3 -c -fmessage-length=0 -MT"src/main.o" -mcpu=cortex-a9 -mfpu=vfpv3 -mfloat-abi=hard -I../../CZT_bsp/ps7_cortexa9_0/include -MMD -MP -MF"src/main.d" -MT"src/main.o" -o "src/main.o" "../src/main.c"
'Finished building: ../src/main.c'
' '
'Building target: CZT.elf'
'Invoking: ARM v7 gcc linker'
arm-none-eabi-gcc -mcpu=cortex-a9 -mfpu=vfpv3 -mfloat-abi=hard -Wl,-build-id=none -specs=Xilinx.spec -Wl,-T -Wl,../src/lscript.ld -L../../CZT_bsp/ps7_cortexa9_0/lib -o "CZT.elf"  ./src/SPIFunctions.o ./src/helloworld.o ./src/main.o ./src/platform.o   -Wl,--start-group,-lxil,-lgcc,-lc,--end-group
'Finished building target: CZT.elf'
' '
'Invoking: ARM v7 Print Size'
arm-none-eabi-size CZT.elf  |tee "CZT.elf.size"
   text	   data	    bss	    dec	    hex	filename
  29516	   1544	  23256	  54316	   d42c	CZT.elf
'Finished building: CZT.elf.size'
' '
15:20:11 **** Auto Build of configuration Debug for project CZT ****
make pre-build main-build 
a9-linaro-pre-build-step
' '
'Building file: ../src/helloworld.c'
'Invoking: ARM v7 gcc compiler'
arm-none-eabi-gcc -Wall -O0 -g3 -c -fmessage-length=0 -MT"src/helloworld.o" -mcpu=cortex-a9 -mfpu=vfpv3 -mfloat-abi=hard -I../../CZT_bsp/ps7_cortexa9_0/include -MMD -MP -MF"src/helloworld.d" -MT"src/helloworld.o" -o "src/helloworld.o" "../src/helloworld.c"
'Finished building: ../src/helloworld.c'
' '
'Building target: CZT.elf'
'Invoking: ARM v7 gcc linker'
arm-none-eabi-gcc -mcpu=cortex-a9 -mfpu=vfpv3 -mfloat-abi=hard -Wl,-build-id=none -specs=Xilinx.spec -Wl,-T -Wl,../src/lscript.ld -L../../CZT_bsp/ps7_cortexa9_0/lib -o "CZT.elf"  ./src/SPIFunctions.o ./src/helloworld.o ./src/main.o ./src/platform.o   -Wl,--start-group,-lxil,-lgcc,-lc,--end-group
'Finished building target: CZT.elf'
' '
'Invoking: ARM v7 Print Size'
arm-none-eabi-size CZT.elf  |tee "CZT.elf.size"
   text	   data	    bss	    dec	    hex	filename
  29484	   1544	  23256	  54284	   d40c	CZT.elf
'Finished building: CZT.elf.size'
' '
15:23:20 **** Auto Build of configuration Debug for project CZT ****
make pre-build main-build 
a9-linaro-pre-build-step
' '
'Building file: ../src/helloworld.c'
'Invoking: ARM v7 gcc compiler'
arm-none-eabi-gcc -Wall -O0 -g3 -c -fmessage-length=0 -MT"src/helloworld.o" -mcpu=cortex-a9 -mfpu=vfpv3 -mfloat-abi=hard -I../../CZT_bsp/ps7_cortexa9_0/include -MMD -MP -MF"src/helloworld.d" -MT"src/helloworld.o" -o "src/helloworld.o" "../src/helloworld.c"
'Finished building: ../src/helloworld.c'
' '
'Building file: ../src/main.c'
'Invoking: ARM v7 gcc compiler'
arm-none-eabi-gcc -Wall -O0 -g3 -c -fmessage-length=0 -MT"src/main.o" -mcpu=cortex-a9 -mfpu=vfpv3 -mfloat-abi=hard -I../../CZT_bsp/ps7_cortexa9_0/include -MMD -MP -MF"src/main.d" -MT"src/main.o" -o "src/main.o" "../src/main.c"
'Finished building: ../src/main.c'
' '
'Building target: CZT.elf'
'Invoking: ARM v7 gcc linker'
arm-none-eabi-gcc -mcpu=cortex-a9 -mfpu=vfpv3 -mfloat-abi=hard -Wl,-build-id=none -specs=Xilinx.spec -Wl,-T -Wl,../src/lscript.ld -L../../CZT_bsp/ps7_cortexa9_0/lib -o "CZT.elf"  ./src/SPIFunctions.o ./src/helloworld.o ./src/main.o ./src/platform.o   -Wl,--start-group,-lxil,-lgcc,-lc,--end-group
'Finished building target: CZT.elf'
' '
'Invoking: ARM v7 Print Size'
arm-none-eabi-size CZT.elf  |tee "CZT.elf.size"
   text	   data	    bss	    dec	    hex	filename
  29484	   1544	  23256	  54284	   d40c	CZT.elf
'Finished building: CZT.elf.size'
' '
15:24:01 **** Auto Build of configuration Debug for project CZT ****
make pre-build main-build 
a9-linaro-pre-build-step
' '
'Building file: ../src/SPIFunctions.c'
'Invoking: ARM v7 gcc compiler'
arm-none-eabi-gcc -Wall -O0 -g3 -c -fmessage-length=0 -MT"src/SPIFunctions.o" -mcpu=cortex-a9 -mfpu=vfpv3 -mfloat-abi=hard -I../../CZT_bsp/ps7_cortexa9_0/include -MMD -MP -MF"src/SPIFunctions.d" -MT"src/SPIFunctions.o" -o "src/SPIFunctions.o" "../src/SPIFunctions.c"
../src/SPIFunctions.c:10:10: fatal error: ps7_init.h: No such file or directory
 #include "ps7_init.h"
          ^~~~~~~~~~~~
compilation terminated.
make: *** [src/subdir.mk:32: src/SPIFunctions.o] Error 1
15:24:05 **** Auto Build of configuration Debug for project CZT ****
make pre-build main-build 
a9-linaro-pre-build-step
' '
'Building file: ../src/SPIFunctions.c'
'Invoking: ARM v7 gcc compiler'
arm-none-eabi-gcc -Wall -O0 -g3 -c -fmessage-length=0 -MT"src/SPIFunctions.o" -mcpu=cortex-a9 -mfpu=vfpv3 -mfloat-abi=hard -I../../CZT_bsp/ps7_cortexa9_0/include -MMD -MP -MF"src/SPIFunctions.d" -MT"src/SPIFunctions.o" -o "src/SPIFunctions.o" "../src/SPIFunctions.c"
'Finished building: ../src/SPIFunctions.c'
' '
'Building target: CZT.elf'
'Invoking: ARM v7 gcc linker'
arm-none-eabi-gcc -mcpu=cortex-a9 -mfpu=vfpv3 -mfloat-abi=hard -Wl,-build-id=none -specs=Xilinx.spec -Wl,-T -Wl,../src/lscript.ld -L../../CZT_bsp/ps7_cortexa9_0/lib -o "CZT.elf"  ./src/SPIFunctions.o ./src/helloworld.o ./src/main.o ./src/platform.o   -Wl,--start-group,-lxil,-lgcc,-lc,--end-group
'Finished building target: CZT.elf'
' '
'Invoking: ARM v7 Print Size'
arm-none-eabi-size CZT.elf  |tee "CZT.elf.size"
   text	   data	    bss	    dec	    hex	filename
  29484	   1544	  23256	  54284	   d40c	CZT.elf
'Finished building: CZT.elf.size'
' '
15:25:09 **** Auto Build of configuration Debug for project CZT ****
make pre-build main-build 
a9-linaro-pre-build-step
' '
'Building file: ../src/SPIFunctions.c'
'Invoking: ARM v7 gcc compiler'
arm-none-eabi-gcc -Wall -O0 -g3 -c -fmessage-length=0 -MT"src/SPIFunctions.o" -mcpu=cortex-a9 -mfpu=vfpv3 -mfloat-abi=hard -I../../CZT_bsp/ps7_cortexa9_0/include -MMD -MP -MF"src/SPIFunctions.d" -MT"src/SPIFunctions.o" -o "src/SPIFunctions.o" "../src/SPIFunctions.c"
../src/SPIFunctions.c: In function 'initGPIO':
../src/SPIFunctions.c:13:2: warning: implicit declaration of function 'Xil_Out32' [-Wimplicit-function-declaration]
  Xil_Out32(XPAR_)
  ^~~~~~~~~
../src/SPIFunctions.c:13:12: error: 'XPAR_' undeclared (first use in this function)
  Xil_Out32(XPAR_)
            ^~~~~
../src/SPIFunctions.c:13:12: note: each undeclared identifier is reported only once for each function it appears in
../src/SPIFunctions.c:13:18: error: expected ';' before '}' token
  Xil_Out32(XPAR_)
                  ^
                  ;
 }
 ~                 
make: *** [src/subdir.mk:32: src/SPIFunctions.o] Error 1
15:25:27 **** Auto Build of configuration Debug for project CZT ****
make pre-build main-build 
a9-linaro-pre-build-step
' '
'Building file: ../src/SPIFunctions.c'
'Invoking: ARM v7 gcc compiler'
arm-none-eabi-gcc -Wall -O0 -g3 -c -fmessage-length=0 -MT"src/SPIFunctions.o" -mcpu=cortex-a9 -mfpu=vfpv3 -mfloat-abi=hard -I../../CZT_bsp/ps7_cortexa9_0/include -MMD -MP -MF"src/SPIFunctions.d" -MT"src/SPIFunctions.o" -o "src/SPIFunctions.o" "../src/SPIFunctions.c"
../src/SPIFunctions.c: In function 'initGPIO':
../src/SPIFunctions.c:13:2: warning: implicit declaration of function 'Xil_Out32' [-Wimplicit-function-declaration]
  Xil_Out32(XPAR_CZT_DATA_RW_BASEADDR,0);
  ^~~~~~~~~
'Finished building: ../src/SPIFunctions.c'
' '
'Building target: CZT.elf'
'Invoking: ARM v7 gcc linker'
arm-none-eabi-gcc -mcpu=cortex-a9 -mfpu=vfpv3 -mfloat-abi=hard -Wl,-build-id=none -specs=Xilinx.spec -Wl,-T -Wl,../src/lscript.ld -L../../CZT_bsp/ps7_cortexa9_0/lib -o "CZT.elf"  ./src/SPIFunctions.o ./src/helloworld.o ./src/main.o ./src/platform.o   -Wl,--start-group,-lxil,-lgcc,-lc,--end-group
f:/fpga/xilinx/sdk/2019.1/gnu/aarch32/nt/gcc-arm-none-eabi/bin/../lib/gcc/arm-none-eabi/8.2.0/../../../../arm-none-eabi/bin/ld.exe: ./src/SPIFunctions.o: in function `initGPIO':
F:\DAKSHA\CommSrcs\FPGA\CZT\CZT.sdk\CZT\Debug/../src/SPIFunctions.c:13: undefined reference to `Xil_Out32'
collect2.exe: error: ld returned 1 exit status
make: *** [makefile:41: CZT.elf] Error 1
15:27:16 **** Auto Build of configuration Debug for project CZT ****
make pre-build main-build 
a9-linaro-pre-build-step
' '
'Building file: ../src/SPIFunctions.c'
'Invoking: ARM v7 gcc compiler'
arm-none-eabi-gcc -Wall -O0 -g3 -c -fmessage-length=0 -MT"src/SPIFunctions.o" -mcpu=cortex-a9 -mfpu=vfpv3 -mfloat-abi=hard -I../../CZT_bsp/ps7_cortexa9_0/include -MMD -MP -MF"src/SPIFunctions.d" -MT"src/SPIFunctions.o" -o "src/SPIFunctions.o" "../src/SPIFunctions.c"
'Finished building: ../src/SPIFunctions.c'
' '
'Building target: CZT.elf'
'Invoking: ARM v7 gcc linker'
arm-none-eabi-gcc -mcpu=cortex-a9 -mfpu=vfpv3 -mfloat-abi=hard -Wl,-build-id=none -specs=Xilinx.spec -Wl,-T -Wl,../src/lscript.ld -L../../CZT_bsp/ps7_cortexa9_0/lib -o "CZT.elf"  ./src/SPIFunctions.o ./src/helloworld.o ./src/main.o ./src/platform.o   -Wl,--start-group,-lxil,-lgcc,-lc,--end-group
'Finished building target: CZT.elf'
' '
'Invoking: ARM v7 Print Size'
arm-none-eabi-size CZT.elf  |tee "CZT.elf.size"
   text	   data	    bss	    dec	    hex	filename
  29612	   1544	  23256	  54412	   d48c	CZT.elf
'Finished building: CZT.elf.size'
' '
15:28:54 **** Auto Build of configuration Debug for project CZT ****
make pre-build main-build 
a9-linaro-pre-build-step
' '
'Building file: ../src/SPIFunctions.c'
'Invoking: ARM v7 gcc compiler'
arm-none-eabi-gcc -Wall -O0 -g3 -c -fmessage-length=0 -MT"src/SPIFunctions.o" -mcpu=cortex-a9 -mfpu=vfpv3 -mfloat-abi=hard -I../../CZT_bsp/ps7_cortexa9_0/include -MMD -MP -MF"src/SPIFunctions.d" -MT"src/SPIFunctions.o" -o "src/SPIFunctions.o" "../src/SPIFunctions.c"
'Finished building: ../src/SPIFunctions.c'
' '
'Building target: CZT.elf'
'Invoking: ARM v7 gcc linker'
arm-none-eabi-gcc -mcpu=cortex-a9 -mfpu=vfpv3 -mfloat-abi=hard -Wl,-build-id=none -specs=Xilinx.spec -Wl,-T -Wl,../src/lscript.ld -L../../CZT_bsp/ps7_cortexa9_0/lib -o "CZT.elf"  ./src/SPIFunctions.o ./src/helloworld.o ./src/main.o ./src/platform.o   -Wl,--start-group,-lxil,-lgcc,-lc,--end-group
'Finished building target: CZT.elf'
' '
'Invoking: ARM v7 Print Size'
arm-none-eabi-size CZT.elf  |tee "CZT.elf.size"
   text	   data	    bss	    dec	    hex	filename
  29676	   1544	  23256	  54476	   d4cc	CZT.elf
'Finished building: CZT.elf.size'
' '
16:07:18 **** Auto Build of configuration Debug for project CZT ****
make pre-build main-build 
a9-linaro-pre-build-step
' '
'Building file: ../src/SPIFunctions.c'
'Invoking: ARM v7 gcc compiler'
arm-none-eabi-gcc -Wall -O0 -g3 -c -fmessage-length=0 -MT"src/SPIFunctions.o" -mcpu=cortex-a9 -mfpu=vfpv3 -mfloat-abi=hard -I../../CZT_bsp/ps7_cortexa9_0/include -MMD -MP -MF"src/SPIFunctions.d" -MT"src/SPIFunctions.o" -o "src/SPIFunctions.o" "../src/SPIFunctions.c"
'Finished building: ../src/SPIFunctions.c'
' '
'Building target: CZT.elf'
'Invoking: ARM v7 gcc linker'
arm-none-eabi-gcc -mcpu=cortex-a9 -mfpu=vfpv3 -mfloat-abi=hard -Wl,-build-id=none -specs=Xilinx.spec -Wl,-T -Wl,../src/lscript.ld -L../../CZT_bsp/ps7_cortexa9_0/lib -o "CZT.elf"  ./src/SPIFunctions.o ./src/helloworld.o ./src/main.o ./src/platform.o   -Wl,--start-group,-lxil,-lgcc,-lc,--end-group
'Finished building target: CZT.elf'
' '
'Invoking: ARM v7 Print Size'
arm-none-eabi-size CZT.elf  |tee "CZT.elf.size"
   text	   data	    bss	    dec	    hex	filename
  29676	   1544	  23256	  54476	   d4cc	CZT.elf
'Finished building: CZT.elf.size'
' '
16:14:39 **** Auto Build of configuration Debug for project CZT ****
make pre-build main-build 
a9-linaro-pre-build-step
' '
'Building file: ../src/SPIFunctions.c'
'Invoking: ARM v7 gcc compiler'
arm-none-eabi-gcc -Wall -O0 -g3 -c -fmessage-length=0 -MT"src/SPIFunctions.o" -mcpu=cortex-a9 -mfpu=vfpv3 -mfloat-abi=hard -I../../CZT_bsp/ps7_cortexa9_0/include -MMD -MP -MF"src/SPIFunctions.d" -MT"src/SPIFunctions.o" -o "src/SPIFunctions.o" "../src/SPIFunctions.c"
'Finished building: ../src/SPIFunctions.c'
' '
'Building target: CZT.elf'
'Invoking: ARM v7 gcc linker'
arm-none-eabi-gcc -mcpu=cortex-a9 -mfpu=vfpv3 -mfloat-abi=hard -Wl,-build-id=none -specs=Xilinx.spec -Wl,-T -Wl,../src/lscript.ld -L../../CZT_bsp/ps7_cortexa9_0/lib -o "CZT.elf"  ./src/SPIFunctions.o ./src/helloworld.o ./src/main.o ./src/platform.o   -Wl,--start-group,-lxil,-lgcc,-lc,--end-group
'Finished building target: CZT.elf'
' '
'Invoking: ARM v7 Print Size'
arm-none-eabi-size CZT.elf  |tee "CZT.elf.size"
   text	   data	    bss	    dec	    hex	filename
  29676	   1544	  23256	  54476	   d4cc	CZT.elf
'Finished building: CZT.elf.size'
' '
16:17:16 **** Auto Build of configuration Debug for project CZT ****
make pre-build main-build 
a9-linaro-pre-build-step
' '
'Building file: ../src/SPIFunctions.c'
'Invoking: ARM v7 gcc compiler'
arm-none-eabi-gcc -Wall -O0 -g3 -c -fmessage-length=0 -MT"src/SPIFunctions.o" -mcpu=cortex-a9 -mfpu=vfpv3 -mfloat-abi=hard -I../../CZT_bsp/ps7_cortexa9_0/include -MMD -MP -MF"src/SPIFunctions.d" -MT"src/SPIFunctions.o" -o "src/SPIFunctions.o" "../src/SPIFunctions.c"
../src/SPIFunctions.c: In function 'initGPIO':
../src/SPIFunctions.c:29:12: error: 'CZT_DATA_RW_DATAOUT' undeclared (first use in this function); did you mean 'CZT_DATA_RW_DATAOUT_OUT'?
  Xil_Out32(CZT_DATA_RW_DATAOUT, 0);
            ^~~~~~~~~~~~~~~~~~~
            CZT_DATA_RW_DATAOUT_OUT
../src/SPIFunctions.c:29:12: note: each undeclared identifier is reported only once for each function it appears in
make: *** [src/subdir.mk:32: src/SPIFunctions.o] Error 1
16:17:51 **** Auto Build of configuration Debug for project CZT ****
make pre-build main-build 
a9-linaro-pre-build-step
' '
'Building file: ../src/SPIFunctions.c'
'Invoking: ARM v7 gcc compiler'
arm-none-eabi-gcc -Wall -O0 -g3 -c -fmessage-length=0 -MT"src/SPIFunctions.o" -mcpu=cortex-a9 -mfpu=vfpv3 -mfloat-abi=hard -I../../CZT_bsp/ps7_cortexa9_0/include -MMD -MP -MF"src/SPIFunctions.d" -MT"src/SPIFunctions.o" -o "src/SPIFunctions.o" "../src/SPIFunctions.c"
'Finished building: ../src/SPIFunctions.c'
' '
'Building target: CZT.elf'
'Invoking: ARM v7 gcc linker'
arm-none-eabi-gcc -mcpu=cortex-a9 -mfpu=vfpv3 -mfloat-abi=hard -Wl,-build-id=none -specs=Xilinx.spec -Wl,-T -Wl,../src/lscript.ld -L../../CZT_bsp/ps7_cortexa9_0/lib -o "CZT.elf"  ./src/SPIFunctions.o ./src/helloworld.o ./src/main.o ./src/platform.o   -Wl,--start-group,-lxil,-lgcc,-lc,--end-group
'Finished building target: CZT.elf'
' '
'Invoking: ARM v7 Print Size'
arm-none-eabi-size CZT.elf  |tee "CZT.elf.size"
   text	   data	    bss	    dec	    hex	filename
  29676	   1544	  23256	  54476	   d4cc	CZT.elf
'Finished building: CZT.elf.size'
' '
16:19:01 **** Auto Build of configuration Debug for project CZT ****
make pre-build main-build 
a9-linaro-pre-build-step
' '
'Building file: ../src/SPIFunctions.c'
'Invoking: ARM v7 gcc compiler'
arm-none-eabi-gcc -Wall -O0 -g3 -c -fmessage-length=0 -MT"src/SPIFunctions.o" -mcpu=cortex-a9 -mfpu=vfpv3 -mfloat-abi=hard -I../../CZT_bsp/ps7_cortexa9_0/include -MMD -MP -MF"src/SPIFunctions.d" -MT"src/SPIFunctions.o" -o "src/SPIFunctions.o" "../src/SPIFunctions.c"
'Finished building: ../src/SPIFunctions.c'
' '
'Building target: CZT.elf'
'Invoking: ARM v7 gcc linker'
arm-none-eabi-gcc -mcpu=cortex-a9 -mfpu=vfpv3 -mfloat-abi=hard -Wl,-build-id=none -specs=Xilinx.spec -Wl,-T -Wl,../src/lscript.ld -L../../CZT_bsp/ps7_cortexa9_0/lib -o "CZT.elf"  ./src/SPIFunctions.o ./src/helloworld.o ./src/main.o ./src/platform.o   -Wl,--start-group,-lxil,-lgcc,-lc,--end-group
'Finished building target: CZT.elf'
' '
'Invoking: ARM v7 Print Size'
arm-none-eabi-size CZT.elf  |tee "CZT.elf.size"
   text	   data	    bss	    dec	    hex	filename
  29676	   1544	  23256	  54476	   d4cc	CZT.elf
'Finished building: CZT.elf.size'
' '
16:19:04 **** Auto Build of configuration Debug for project CZT ****
make pre-build main-build 
a9-linaro-pre-build-step
' '
'Building file: ../src/helloworld.c'
'Invoking: ARM v7 gcc compiler'
arm-none-eabi-gcc -Wall -O0 -g3 -c -fmessage-length=0 -MT"src/helloworld.o" -mcpu=cortex-a9 -mfpu=vfpv3 -mfloat-abi=hard -I../../CZT_bsp/ps7_cortexa9_0/include -MMD -MP -MF"src/helloworld.d" -MT"src/helloworld.o" -o "src/helloworld.o" "../src/helloworld.c"
'Finished building: ../src/helloworld.c'
' '
'Building file: ../src/main.c'
'Invoking: ARM v7 gcc compiler'
arm-none-eabi-gcc -Wall -O0 -g3 -c -fmessage-length=0 -MT"src/main.o" -mcpu=cortex-a9 -mfpu=vfpv3 -mfloat-abi=hard -I../../CZT_bsp/ps7_cortexa9_0/include -MMD -MP -MF"src/main.d" -MT"src/main.o" -o "src/main.o" "../src/main.c"
'Finished building: ../src/main.c'
' '
'Building target: CZT.elf'
'Invoking: ARM v7 gcc linker'
arm-none-eabi-gcc -mcpu=cortex-a9 -mfpu=vfpv3 -mfloat-abi=hard -Wl,-build-id=none -specs=Xilinx.spec -Wl,-T -Wl,../src/lscript.ld -L../../CZT_bsp/ps7_cortexa9_0/lib -o "CZT.elf"  ./src/SPIFunctions.o ./src/helloworld.o ./src/main.o ./src/platform.o   -Wl,--start-group,-lxil,-lgcc,-lc,--end-group
'Finished building target: CZT.elf'
' '
'Invoking: ARM v7 Print Size'
arm-none-eabi-size CZT.elf  |tee "CZT.elf.size"
   text	   data	    bss	    dec	    hex	filename
  29676	   1544	  23256	  54476	   d4cc	CZT.elf
'Finished building: CZT.elf.size'
' '
16:19:11 **** Auto Build of configuration Debug for project CZT ****
make pre-build main-build 
a9-linaro-pre-build-step
' '
'Building file: ../src/helloworld.c'
'Invoking: ARM v7 gcc compiler'
arm-none-eabi-gcc -Wall -O0 -g3 -c -fmessage-length=0 -MT"src/helloworld.o" -mcpu=cortex-a9 -mfpu=vfpv3 -mfloat-abi=hard -I../../CZT_bsp/ps7_cortexa9_0/include -MMD -MP -MF"src/helloworld.d" -MT"src/helloworld.o" -o "src/helloworld.o" "../src/helloworld.c"
'Finished building: ../src/helloworld.c'
' '
'Building file: ../src/main.c'
'Invoking: ARM v7 gcc compiler'
arm-none-eabi-gcc -Wall -O0 -g3 -c -fmessage-length=0 -MT"src/main.o" -mcpu=cortex-a9 -mfpu=vfpv3 -mfloat-abi=hard -I../../CZT_bsp/ps7_cortexa9_0/include -MMD -MP -MF"src/main.d" -MT"src/main.o" -o "src/main.o" "../src/main.c"
'Finished building: ../src/main.c'
' '
'Building target: CZT.elf'
'Invoking: ARM v7 gcc linker'
arm-none-eabi-gcc -mcpu=cortex-a9 -mfpu=vfpv3 -mfloat-abi=hard -Wl,-build-id=none -specs=Xilinx.spec -Wl,-T -Wl,../src/lscript.ld -L../../CZT_bsp/ps7_cortexa9_0/lib -o "CZT.elf"  ./src/SPIFunctions.o ./src/helloworld.o ./src/main.o ./src/platform.o   -Wl,--start-group,-lxil,-lgcc,-lc,--end-group
'Finished building target: CZT.elf'
' '
'Invoking: ARM v7 Print Size'
arm-none-eabi-size CZT.elf  |tee "CZT.elf.size"
   text	   data	    bss	    dec	    hex	filename
  29676	   1544	  23256	  54476	   d4cc	CZT.elf
'Finished building: CZT.elf.size'
' '
16:23:42 **** Auto Build of configuration Debug for project CZT ****
make pre-build main-build 
a9-linaro-pre-build-step
' '
'Building file: ../src/SPIFunctions.c'
'Invoking: ARM v7 gcc compiler'
arm-none-eabi-gcc -Wall -O0 -g3 -c -fmessage-length=0 -MT"src/SPIFunctions.o" -mcpu=cortex-a9 -mfpu=vfpv3 -mfloat-abi=hard -I../../CZT_bsp/ps7_cortexa9_0/include -MMD -MP -MF"src/SPIFunctions.d" -MT"src/SPIFunctions.o" -o "src/SPIFunctions.o" "../src/SPIFunctions.c"
'Finished building: ../src/SPIFunctions.c'
' '
'Building target: CZT.elf'
'Invoking: ARM v7 gcc linker'
arm-none-eabi-gcc -mcpu=cortex-a9 -mfpu=vfpv3 -mfloat-abi=hard -Wl,-build-id=none -specs=Xilinx.spec -Wl,-T -Wl,../src/lscript.ld -L../../CZT_bsp/ps7_cortexa9_0/lib -o "CZT.elf"  ./src/SPIFunctions.o ./src/helloworld.o ./src/main.o ./src/platform.o   -Wl,--start-group,-lxil,-lgcc,-lc,--end-group
'Finished building target: CZT.elf'
' '
'Invoking: ARM v7 Print Size'
arm-none-eabi-size CZT.elf  |tee "CZT.elf.size"
   text	   data	    bss	    dec	    hex	filename
  29676	   1544	  23256	  54476	   d4cc	CZT.elf
'Finished building: CZT.elf.size'
' '
16:25:28 **** Auto Build of configuration Debug for project CZT ****
make pre-build main-build 
a9-linaro-pre-build-step
' '
'Building file: ../src/SPIFunctions.c'
'Invoking: ARM v7 gcc compiler'
arm-none-eabi-gcc -Wall -O0 -g3 -c -fmessage-length=0 -MT"src/SPIFunctions.o" -mcpu=cortex-a9 -mfpu=vfpv3 -mfloat-abi=hard -I../../CZT_bsp/ps7_cortexa9_0/include -MMD -MP -MF"src/SPIFunctions.d" -MT"src/SPIFunctions.o" -o "src/SPIFunctions.o" "../src/SPIFunctions.c"
../src/SPIFunctions.c: In function 'initGPIO':
../src/SPIFunctions.c:36:2: error: 'XGpio_SetDataDirection' undeclared (first use in this function)
  XGpio_SetDataDirection
  ^~~~~~~~~~~~~~~~~~~~~~
../src/SPIFunctions.c:36:2: note: each undeclared identifier is reported only once for each function it appears in
../src/SPIFunctions.c:36:24: error: expected ';' before '}' token
  XGpio_SetDataDirection
                        ^
                        ;
../src/SPIFunctions.c:38:1:
 }
 ~                       
make: *** [src/subdir.mk:32: src/SPIFunctions.o] Error 1
16:25:46 **** Auto Build of configuration Debug for project CZT ****
make pre-build main-build 
a9-linaro-pre-build-step
' '
'Building file: ../src/SPIFunctions.c'
'Invoking: ARM v7 gcc compiler'
arm-none-eabi-gcc -Wall -O0 -g3 -c -fmessage-length=0 -MT"src/SPIFunctions.o" -mcpu=cortex-a9 -mfpu=vfpv3 -mfloat-abi=hard -I../../CZT_bsp/ps7_cortexa9_0/include -MMD -MP -MF"src/SPIFunctions.d" -MT"src/SPIFunctions.o" -o "src/SPIFunctions.o" "../src/SPIFunctions.c"
../src/SPIFunctions.c: In function 'initGPIO':
../src/SPIFunctions.c:37:2: warning: statement with no effect [-Wunused-value]
  XGpio_SetDataDirection
  ^~~~~~~~~~~~~~~~~~~~~~
../src/SPIFunctions.c:37:24: error: expected ';' before '}' token
  XGpio_SetDataDirection
                        ^
                        ;
../src/SPIFunctions.c:39:1:
 }
 ~                       
make: *** [src/subdir.mk:32: src/SPIFunctions.o] Error 1
16:25:52 **** Auto Build of configuration Debug for project CZT ****
make pre-build main-build 
a9-linaro-pre-build-step
' '
'Building file: ../src/SPIFunctions.c'
'Invoking: ARM v7 gcc compiler'
arm-none-eabi-gcc -Wall -O0 -g3 -c -fmessage-length=0 -MT"src/SPIFunctions.o" -mcpu=cortex-a9 -mfpu=vfpv3 -mfloat-abi=hard -I../../CZT_bsp/ps7_cortexa9_0/include -MMD -MP -MF"src/SPIFunctions.d" -MT"src/SPIFunctions.o" -o "src/SPIFunctions.o" "../src/SPIFunctions.c"
../src/SPIFunctions.c: In function 'initGPIO':
../src/SPIFunctions.c:37:2: error: too few arguments to function 'XGpio_SetDataDirection'
  XGpio_SetDataDirection();
  ^~~~~~~~~~~~~~~~~~~~~~
In file included from ../src/SPIFunctions.c:11:
../../CZT_bsp/ps7_cortexa9_0/include/xgpio.h:177:6: note: declared here
 void XGpio_SetDataDirection(XGpio *InstancePtr, unsigned Channel,
      ^~~~~~~~~~~~~~~~~~~~~~
make: *** [src/subdir.mk:32: src/SPIFunctions.o] Error 1
16:29:11 **** Auto Build of configuration Debug for project CZT ****
make pre-build main-build 
a9-linaro-pre-build-step
' '
'Building file: ../src/SPIFunctions.c'
'Invoking: ARM v7 gcc compiler'
arm-none-eabi-gcc -Wall -O0 -g3 -c -fmessage-length=0 -MT"src/SPIFunctions.o" -mcpu=cortex-a9 -mfpu=vfpv3 -mfloat-abi=hard -I../../CZT_bsp/ps7_cortexa9_0/include -MMD -MP -MF"src/SPIFunctions.d" -MT"src/SPIFunctions.o" -o "src/SPIFunctions.o" "../src/SPIFunctions.c"
'Finished building: ../src/SPIFunctions.c'
' '
'Building target: CZT.elf'
'Invoking: ARM v7 gcc linker'
arm-none-eabi-gcc -mcpu=cortex-a9 -mfpu=vfpv3 -mfloat-abi=hard -Wl,-build-id=none -specs=Xilinx.spec -Wl,-T -Wl,../src/lscript.ld -L../../CZT_bsp/ps7_cortexa9_0/lib -o "CZT.elf"  ./src/SPIFunctions.o ./src/helloworld.o ./src/main.o ./src/platform.o   -Wl,--start-group,-lxil,-lgcc,-lc,--end-group
'Finished building target: CZT.elf'
' '
'Invoking: ARM v7 Print Size'
arm-none-eabi-size CZT.elf  |tee "CZT.elf.size"
   text	   data	    bss	    dec	    hex	filename
  29740	   1544	  23256	  54540	   d50c	CZT.elf
'Finished building: CZT.elf.size'
' '
16:35:11 **** Auto Build of configuration Debug for project CZT ****
make pre-build main-build 
a9-linaro-pre-build-step
' '
'Building file: ../src/SPIFunctions.c'
'Invoking: ARM v7 gcc compiler'
arm-none-eabi-gcc -Wall -O0 -g3 -c -fmessage-length=0 -MT"src/SPIFunctions.o" -mcpu=cortex-a9 -mfpu=vfpv3 -mfloat-abi=hard -I../../CZT_bsp/ps7_cortexa9_0/include -MMD -MP -MF"src/SPIFunctions.d" -MT"src/SPIFunctions.o" -o "src/SPIFunctions.o" "../src/SPIFunctions.c"
'Finished building: ../src/SPIFunctions.c'
' '
'Building target: CZT.elf'
'Invoking: ARM v7 gcc linker'
arm-none-eabi-gcc -mcpu=cortex-a9 -mfpu=vfpv3 -mfloat-abi=hard -Wl,-build-id=none -specs=Xilinx.spec -Wl,-T -Wl,../src/lscript.ld -L../../CZT_bsp/ps7_cortexa9_0/lib -o "CZT.elf"  ./src/SPIFunctions.o ./src/helloworld.o ./src/main.o ./src/platform.o   -Wl,--start-group,-lxil,-lgcc,-lc,--end-group
'Finished building target: CZT.elf'
' '
'Invoking: ARM v7 Print Size'
arm-none-eabi-size CZT.elf  |tee "CZT.elf.size"
   text	   data	    bss	    dec	    hex	filename
  29740	   1544	  23256	  54540	   d50c	CZT.elf
'Finished building: CZT.elf.size'
' '
16:36:26 **** Auto Build of configuration Debug for project CZT ****
make pre-build main-build 
a9-linaro-pre-build-step
' '
'Building file: ../src/SPIFunctions.c'
'Invoking: ARM v7 gcc compiler'
arm-none-eabi-gcc -Wall -O0 -g3 -c -fmessage-length=0 -MT"src/SPIFunctions.o" -mcpu=cortex-a9 -mfpu=vfpv3 -mfloat-abi=hard -I../../CZT_bsp/ps7_cortexa9_0/include -MMD -MP -MF"src/SPIFunctions.d" -MT"src/SPIFunctions.o" -o "src/SPIFunctions.o" "../src/SPIFunctions.c"
'Finished building: ../src/SPIFunctions.c'
' '
'Building target: CZT.elf'
'Invoking: ARM v7 gcc linker'
arm-none-eabi-gcc -mcpu=cortex-a9 -mfpu=vfpv3 -mfloat-abi=hard -Wl,-build-id=none -specs=Xilinx.spec -Wl,-T -Wl,../src/lscript.ld -L../../CZT_bsp/ps7_cortexa9_0/lib -o "CZT.elf"  ./src/SPIFunctions.o ./src/helloworld.o ./src/main.o ./src/platform.o   -Wl,--start-group,-lxil,-lgcc,-lc,--end-group
'Finished building target: CZT.elf'
' '
'Invoking: ARM v7 Print Size'
arm-none-eabi-size CZT.elf  |tee "CZT.elf.size"
   text	   data	    bss	    dec	    hex	filename
  29740	   1544	  23256	  54540	   d50c	CZT.elf
'Finished building: CZT.elf.size'
' '
16:37:31 **** Auto Build of configuration Debug for project CZT ****
make pre-build main-build 
a9-linaro-pre-build-step
' '
'Building file: ../src/SPIFunctions.c'
'Invoking: ARM v7 gcc compiler'
arm-none-eabi-gcc -Wall -O0 -g3 -c -fmessage-length=0 -MT"src/SPIFunctions.o" -mcpu=cortex-a9 -mfpu=vfpv3 -mfloat-abi=hard -I../../CZT_bsp/ps7_cortexa9_0/include -MMD -MP -MF"src/SPIFunctions.d" -MT"src/SPIFunctions.o" -o "src/SPIFunctions.o" "../src/SPIFunctions.c"
'Finished building: ../src/SPIFunctions.c'
' '
'Building target: CZT.elf'
'Invoking: ARM v7 gcc linker'
arm-none-eabi-gcc -mcpu=cortex-a9 -mfpu=vfpv3 -mfloat-abi=hard -Wl,-build-id=none -specs=Xilinx.spec -Wl,-T -Wl,../src/lscript.ld -L../../CZT_bsp/ps7_cortexa9_0/lib -o "CZT.elf"  ./src/SPIFunctions.o ./src/helloworld.o ./src/main.o ./src/platform.o   -Wl,--start-group,-lxil,-lgcc,-lc,--end-group
'Finished building target: CZT.elf'
' '
'Invoking: ARM v7 Print Size'
arm-none-eabi-size CZT.elf  |tee "CZT.elf.size"
   text	   data	    bss	    dec	    hex	filename
  29804	   1544	  23256	  54604	   d54c	CZT.elf
'Finished building: CZT.elf.size'
' '
16:43:54 **** Auto Build of configuration Debug for project CZT ****
make pre-build main-build 
a9-linaro-pre-build-step
' '
'Building file: ../src/SPIFunctions.c'
'Invoking: ARM v7 gcc compiler'
arm-none-eabi-gcc -Wall -O0 -g3 -c -fmessage-length=0 -MT"src/SPIFunctions.o" -mcpu=cortex-a9 -mfpu=vfpv3 -mfloat-abi=hard -I../../CZT_bsp/ps7_cortexa9_0/include -MMD -MP -MF"src/SPIFunctions.d" -MT"src/SPIFunctions.o" -o "src/SPIFunctions.o" "../src/SPIFunctions.c"
'Finished building: ../src/SPIFunctions.c'
' '
'Building target: CZT.elf'
'Invoking: ARM v7 gcc linker'
arm-none-eabi-gcc -mcpu=cortex-a9 -mfpu=vfpv3 -mfloat-abi=hard -Wl,-build-id=none -specs=Xilinx.spec -Wl,-T -Wl,../src/lscript.ld -L../../CZT_bsp/ps7_cortexa9_0/lib -o "CZT.elf"  ./src/SPIFunctions.o ./src/helloworld.o ./src/main.o ./src/platform.o   -Wl,--start-group,-lxil,-lgcc,-lc,--end-group
'Finished building target: CZT.elf'
' '
'Invoking: ARM v7 Print Size'
arm-none-eabi-size CZT.elf  |tee "CZT.elf.size"
   text	   data	    bss	    dec	    hex	filename
  29804	   1544	  23256	  54604	   d54c	CZT.elf
'Finished building: CZT.elf.size'
' '
16:46:49 **** Auto Build of configuration Debug for project CZT ****
make pre-build main-build 
a9-linaro-pre-build-step
' '
'Building file: ../src/SPIFunctions.c'
'Invoking: ARM v7 gcc compiler'
arm-none-eabi-gcc -Wall -O0 -g3 -c -fmessage-length=0 -MT"src/SPIFunctions.o" -mcpu=cortex-a9 -mfpu=vfpv3 -mfloat-abi=hard -I../../CZT_bsp/ps7_cortexa9_0/include -MMD -MP -MF"src/SPIFunctions.d" -MT"src/SPIFunctions.o" -o "src/SPIFunctions.o" "../src/SPIFunctions.c"
../src/SPIFunctions.c:11:10: fatal error: xgpios.h: No such file or directory
 #include "xgpios.h"
          ^~~~~~~~~~
compilation terminated.
make: *** [src/subdir.mk:32: src/SPIFunctions.o] Error 1
16:46:53 **** Auto Build of configuration Debug for project CZT ****
make pre-build main-build 
a9-linaro-pre-build-step
' '
'Building file: ../src/SPIFunctions.c'
'Invoking: ARM v7 gcc compiler'
arm-none-eabi-gcc -Wall -O0 -g3 -c -fmessage-length=0 -MT"src/SPIFunctions.o" -mcpu=cortex-a9 -mfpu=vfpv3 -mfloat-abi=hard -I../../CZT_bsp/ps7_cortexa9_0/include -MMD -MP -MF"src/SPIFunctions.d" -MT"src/SPIFunctions.o" -o "src/SPIFunctions.o" "../src/SPIFunctions.c"
'Finished building: ../src/SPIFunctions.c'
' '
'Building target: CZT.elf'
'Invoking: ARM v7 gcc linker'
arm-none-eabi-gcc -mcpu=cortex-a9 -mfpu=vfpv3 -mfloat-abi=hard -Wl,-build-id=none -specs=Xilinx.spec -Wl,-T -Wl,../src/lscript.ld -L../../CZT_bsp/ps7_cortexa9_0/lib -o "CZT.elf"  ./src/SPIFunctions.o ./src/helloworld.o ./src/main.o ./src/platform.o   -Wl,--start-group,-lxil,-lgcc,-lc,--end-group
'Finished building target: CZT.elf'
' '
'Invoking: ARM v7 Print Size'
arm-none-eabi-size CZT.elf  |tee "CZT.elf.size"
   text	   data	    bss	    dec	    hex	filename
  29804	   1544	  23256	  54604	   d54c	CZT.elf
'Finished building: CZT.elf.size'
' '
16:46:57 **** Auto Build of configuration Debug for project CZT ****
make pre-build main-build 
a9-linaro-pre-build-step
' '
'Building file: ../src/SPIFunctions.c'
'Invoking: ARM v7 gcc compiler'
arm-none-eabi-gcc -Wall -O0 -g3 -c -fmessage-length=0 -MT"src/SPIFunctions.o" -mcpu=cortex-a9 -mfpu=vfpv3 -mfloat-abi=hard -I../../CZT_bsp/ps7_cortexa9_0/include -MMD -MP -MF"src/SPIFunctions.d" -MT"src/SPIFunctions.o" -o "src/SPIFunctions.o" "../src/SPIFunctions.c"
'Finished building: ../src/SPIFunctions.c'
' '
'Building target: CZT.elf'
'Invoking: ARM v7 gcc linker'
arm-none-eabi-gcc -mcpu=cortex-a9 -mfpu=vfpv3 -mfloat-abi=hard -Wl,-build-id=none -specs=Xilinx.spec -Wl,-T -Wl,../src/lscript.ld -L../../CZT_bsp/ps7_cortexa9_0/lib -o "CZT.elf"  ./src/SPIFunctions.o ./src/helloworld.o ./src/main.o ./src/platform.o   -Wl,--start-group,-lxil,-lgcc,-lc,--end-group
'Finished building target: CZT.elf'
' '
'Invoking: ARM v7 Print Size'
arm-none-eabi-size CZT.elf  |tee "CZT.elf.size"
   text	   data	    bss	    dec	    hex	filename
  29804	   1544	  23256	  54604	   d54c	CZT.elf
'Finished building: CZT.elf.size'
' '
16:51:25 **** Build of configuration Debug for project CZT_bsp_xgpiops_intr_example_1 ****
make pre-build main-build 
a9-linaro-pre-build-step
' '
'Building file: ../src/xgpiops_intr_example.c'
'Invoking: ARM v7 gcc compiler'
arm-none-eabi-gcc -Wall -O0 -g3 -c -fmessage-length=0 -MT"src/xgpiops_intr_example.o" -mcpu=cortex-a9 -mfpu=vfpv3 -mfloat-abi=hard -I../../CZT_bsp/ps7_cortexa9_0/include -MMD -MP -MF"src/xgpiops_intr_example.d" -MT"src/xgpiops_intr_example.o" -o "src/xgpiops_intr_example.o" "../src/xgpiops_intr_example.c"
'Finished building: ../src/xgpiops_intr_example.c'
' '
'Building target: CZT_bsp_xgpiops_intr_example_1.elf'
'Invoking: ARM v7 gcc linker'
arm-none-eabi-gcc -mcpu=cortex-a9 -mfpu=vfpv3 -mfloat-abi=hard -Wl,-build-id=none -specs=Xilinx.spec -Wl,-T -Wl,../src/lscript.ld -L../../CZT_bsp/ps7_cortexa9_0/lib -o "CZT_bsp_xgpiops_intr_example_1.elf"  ./src/xgpiops_intr_example.o   -Wl,--start-group,-lxil,-lgcc,-lc,--end-group
'Finished building target: CZT_bsp_xgpiops_intr_example_1.elf'
' '
'Invoking: ARM v7 Print Size'
arm-none-eabi-size CZT_bsp_xgpiops_intr_example_1.elf  |tee "CZT_bsp_xgpiops_intr_example_1.elf.size"
   text	   data	    bss	    dec	    hex	filename
  40848	   2328	  23336	  66512	  103d0	CZT_bsp_xgpiops_intr_example_1.elf
'Finished building: CZT_bsp_xgpiops_intr_example_1.elf.size'
' '
16:51:30 **** Auto Build of configuration Debug for project CZT_bsp_xgpiops_intr_example_1 ****
make pre-build main-build 
a9-linaro-pre-build-step
' '
make: Nothing to be done for 'main-build'.
16:53:25 **** Auto Build of configuration Debug for project CZT ****
make pre-build main-build 
a9-linaro-pre-build-step
' '
'Building file: ../src/SPIFunctions.c'
'Invoking: ARM v7 gcc compiler'
arm-none-eabi-gcc -Wall -O0 -g3 -c -fmessage-length=0 -MT"src/SPIFunctions.o" -mcpu=cortex-a9 -mfpu=vfpv3 -mfloat-abi=hard -I../../CZT_bsp/ps7_cortexa9_0/include -MMD -MP -MF"src/SPIFunctions.d" -MT"src/SPIFunctions.o" -o "src/SPIFunctions.o" "../src/SPIFunctions.c"
../src/SPIFunctions.c: In function 'initGPIO':
../src/SPIFunctions.c:49:2: error: too few arguments to function 'XGpioPs_SetDirection'
  XGpioPs_SetDirection()
  ^~~~~~~~~~~~~~~~~~~~
In file included from ../src/SPIFunctions.c:11:
../../CZT_bsp/ps7_cortexa9_0/include/xgpiops.h:230:6: note: declared here
 void XGpioPs_SetDirection(const XGpioPs *InstancePtr, u8 Bank, u32 Direction);
      ^~~~~~~~~~~~~~~~~~~~
../src/SPIFunctions.c:49:24: error: expected ';' before '}' token
  XGpioPs_SetDirection()
                        ^
                        ;
 }
 ~                       
make: *** [src/subdir.mk:32: src/SPIFunctions.o] Error 1
16:54:17 **** Auto Build of configuration Debug for project CZT ****
make pre-build main-build 
a9-linaro-pre-build-step
' '
'Building file: ../src/SPIFunctions.c'
'Invoking: ARM v7 gcc compiler'
arm-none-eabi-gcc -Wall -O0 -g3 -c -fmessage-length=0 -MT"src/SPIFunctions.o" -mcpu=cortex-a9 -mfpu=vfpv3 -mfloat-abi=hard -I../../CZT_bsp/ps7_cortexa9_0/include -MMD -MP -MF"src/SPIFunctions.d" -MT"src/SPIFunctions.o" -o "src/SPIFunctions.o" "../src/SPIFunctions.c"
'Finished building: ../src/SPIFunctions.c'
' '
'Building target: CZT.elf'
'Invoking: ARM v7 gcc linker'
arm-none-eabi-gcc -mcpu=cortex-a9 -mfpu=vfpv3 -mfloat-abi=hard -Wl,-build-id=none -specs=Xilinx.spec -Wl,-T -Wl,../src/lscript.ld -L../../CZT_bsp/ps7_cortexa9_0/lib -o "CZT.elf"  ./src/SPIFunctions.o ./src/helloworld.o ./src/main.o ./src/platform.o   -Wl,--start-group,-lxil,-lgcc,-lc,--end-group
'Finished building target: CZT.elf'
' '
'Invoking: ARM v7 Print Size'
arm-none-eabi-size CZT.elf  |tee "CZT.elf.size"
   text	   data	    bss	    dec	    hex	filename
  29804	   1544	  23256	  54604	   d54c	CZT.elf
'Finished building: CZT.elf.size'
' '
16:56:43 **** Auto Build of configuration Debug for project CZT ****
make pre-build main-build 
a9-linaro-pre-build-step
' '
'Building file: ../src/SPIFunctions.c'
'Invoking: ARM v7 gcc compiler'
arm-none-eabi-gcc -Wall -O0 -g3 -c -fmessage-length=0 -MT"src/SPIFunctions.o" -mcpu=cortex-a9 -mfpu=vfpv3 -mfloat-abi=hard -I../../CZT_bsp/ps7_cortexa9_0/include -MMD -MP -MF"src/SPIFunctions.d" -MT"src/SPIFunctions.o" -o "src/SPIFunctions.o" "../src/SPIFunctions.c"
'Finished building: ../src/SPIFunctions.c'
' '
'Building target: CZT.elf'
'Invoking: ARM v7 gcc linker'
arm-none-eabi-gcc -mcpu=cortex-a9 -mfpu=vfpv3 -mfloat-abi=hard -Wl,-build-id=none -specs=Xilinx.spec -Wl,-T -Wl,../src/lscript.ld -L../../CZT_bsp/ps7_cortexa9_0/lib -o "CZT.elf"  ./src/SPIFunctions.o ./src/helloworld.o ./src/main.o ./src/platform.o   -Wl,--start-group,-lxil,-lgcc,-lc,--end-group
'Finished building target: CZT.elf'
' '
'Invoking: ARM v7 Print Size'
arm-none-eabi-size CZT.elf  |tee "CZT.elf.size"
   text	   data	    bss	    dec	    hex	filename
  29868	   1544	  23256	  54668	   d58c	CZT.elf
'Finished building: CZT.elf.size'
' '
16:58:15 **** Auto Build of configuration Debug for project CZT ****
make pre-build main-build 
a9-linaro-pre-build-step
' '
'Building file: ../src/SPIFunctions.c'
'Invoking: ARM v7 gcc compiler'
arm-none-eabi-gcc -Wall -O0 -g3 -c -fmessage-length=0 -MT"src/SPIFunctions.o" -mcpu=cortex-a9 -mfpu=vfpv3 -mfloat-abi=hard -I../../CZT_bsp/ps7_cortexa9_0/include -MMD -MP -MF"src/SPIFunctions.d" -MT"src/SPIFunctions.o" -o "src/SPIFunctions.o" "../src/SPIFunctions.c"
'Finished building: ../src/SPIFunctions.c'
' '
'Building target: CZT.elf'
'Invoking: ARM v7 gcc linker'
arm-none-eabi-gcc -mcpu=cortex-a9 -mfpu=vfpv3 -mfloat-abi=hard -Wl,-build-id=none -specs=Xilinx.spec -Wl,-T -Wl,../src/lscript.ld -L../../CZT_bsp/ps7_cortexa9_0/lib -o "CZT.elf"  ./src/SPIFunctions.o ./src/helloworld.o ./src/main.o ./src/platform.o   -Wl,--start-group,-lxil,-lgcc,-lc,--end-group
'Finished building target: CZT.elf'
' '
'Invoking: ARM v7 Print Size'
arm-none-eabi-size CZT.elf  |tee "CZT.elf.size"
   text	   data	    bss	    dec	    hex	filename
  29868	   1544	  23256	  54668	   d58c	CZT.elf
'Finished building: CZT.elf.size'
' '
16:58:20 **** Auto Build of configuration Debug for project CZT ****
make pre-build main-build 
a9-linaro-pre-build-step
' '
'Building file: ../src/SPIFunctions.c'
'Invoking: ARM v7 gcc compiler'
arm-none-eabi-gcc -Wall -O0 -g3 -c -fmessage-length=0 -MT"src/SPIFunctions.o" -mcpu=cortex-a9 -mfpu=vfpv3 -mfloat-abi=hard -I../../CZT_bsp/ps7_cortexa9_0/include -MMD -MP -MF"src/SPIFunctions.d" -MT"src/SPIFunctions.o" -o "src/SPIFunctions.o" "../src/SPIFunctions.c"
'Finished building: ../src/SPIFunctions.c'
' '
'Building target: CZT.elf'
'Invoking: ARM v7 gcc linker'
arm-none-eabi-gcc -mcpu=cortex-a9 -mfpu=vfpv3 -mfloat-abi=hard -Wl,-build-id=none -specs=Xilinx.spec -Wl,-T -Wl,../src/lscript.ld -L../../CZT_bsp/ps7_cortexa9_0/lib -o "CZT.elf"  ./src/SPIFunctions.o ./src/helloworld.o ./src/main.o ./src/platform.o   -Wl,--start-group,-lxil,-lgcc,-lc,--end-group
'Finished building target: CZT.elf'
' '
'Invoking: ARM v7 Print Size'
arm-none-eabi-size CZT.elf  |tee "CZT.elf.size"
   text	   data	    bss	    dec	    hex	filename
  29868	   1544	  23256	  54668	   d58c	CZT.elf
'Finished building: CZT.elf.size'
' '
16:58:38 **** Auto Build of configuration Debug for project CZT ****
make pre-build main-build 
a9-linaro-pre-build-step
' '
'Building file: ../src/SPIFunctions.c'
'Invoking: ARM v7 gcc compiler'
arm-none-eabi-gcc -Wall -O0 -g3 -c -fmessage-length=0 -MT"src/SPIFunctions.o" -mcpu=cortex-a9 -mfpu=vfpv3 -mfloat-abi=hard -I../../CZT_bsp/ps7_cortexa9_0/include -MMD -MP -MF"src/SPIFunctions.d" -MT"src/SPIFunctions.o" -o "src/SPIFunctions.o" "../src/SPIFunctions.c"
'Finished building: ../src/SPIFunctions.c'
' '
'Building target: CZT.elf'
'Invoking: ARM v7 gcc linker'
arm-none-eabi-gcc -mcpu=cortex-a9 -mfpu=vfpv3 -mfloat-abi=hard -Wl,-build-id=none -specs=Xilinx.spec -Wl,-T -Wl,../src/lscript.ld -L../../CZT_bsp/ps7_cortexa9_0/lib -o "CZT.elf"  ./src/SPIFunctions.o ./src/helloworld.o ./src/main.o ./src/platform.o   -Wl,--start-group,-lxil,-lgcc,-lc,--end-group
'Finished building target: CZT.elf'
' '
'Invoking: ARM v7 Print Size'
arm-none-eabi-size CZT.elf  |tee "CZT.elf.size"
   text	   data	    bss	    dec	    hex	filename
  29868	   1544	  23256	  54668	   d58c	CZT.elf
'Finished building: CZT.elf.size'
' '
17:19:30 **** Auto Build of configuration Debug for project CZT ****
make pre-build main-build 
a9-linaro-pre-build-step
' '
'Building file: ../src/main.c'
'Invoking: ARM v7 gcc compiler'
arm-none-eabi-gcc -Wall -O0 -g3 -c -fmessage-length=0 -MT"src/main.o" -mcpu=cortex-a9 -mfpu=vfpv3 -mfloat-abi=hard -I../../CZT_bsp/ps7_cortexa9_0/include -MMD -MP -MF"src/main.d" -MT"src/main.o" -o "src/main.o" "../src/main.c"
'Finished building: ../src/main.c'
' '
'Building target: CZT.elf'
'Invoking: ARM v7 gcc linker'
arm-none-eabi-gcc -mcpu=cortex-a9 -mfpu=vfpv3 -mfloat-abi=hard -Wl,-build-id=none -specs=Xilinx.spec -Wl,-T -Wl,../src/lscript.ld -L../../CZT_bsp/ps7_cortexa9_0/lib -o "CZT.elf"  ./src/SPIFunctions.o ./src/helloworld.o ./src/main.o ./src/platform.o   -Wl,--start-group,-lxil,-lgcc,-lc,--end-group
'Finished building target: CZT.elf'
' '
'Invoking: ARM v7 Print Size'
arm-none-eabi-size CZT.elf  |tee "CZT.elf.size"
   text	   data	    bss	    dec	    hex	filename
  29868	   1544	  23256	  54668	   d58c	CZT.elf
'Finished building: CZT.elf.size'
' '
17:19:35 **** Auto Build of configuration Debug for project CZT ****
make pre-build main-build 
a9-linaro-pre-build-step
' '
'Building file: ../src/SPIFunctions.c'
'Invoking: ARM v7 gcc compiler'
arm-none-eabi-gcc -Wall -O0 -g3 -c -fmessage-length=0 -MT"src/SPIFunctions.o" -mcpu=cortex-a9 -mfpu=vfpv3 -mfloat-abi=hard -I../../CZT_bsp/ps7_cortexa9_0/include -MMD -MP -MF"src/SPIFunctions.d" -MT"src/SPIFunctions.o" -o "src/SPIFunctions.o" "../src/SPIFunctions.c"
../src/SPIFunctions.c: In function 'findCommand':
../src/SPIFunctions.c:63:1: warning: control reaches end of non-void function [-Wreturn-type]
 }
 ^
'Finished building: ../src/SPIFunctions.c'
' '
'Building target: CZT.elf'
'Invoking: ARM v7 gcc linker'
arm-none-eabi-gcc -mcpu=cortex-a9 -mfpu=vfpv3 -mfloat-abi=hard -Wl,-build-id=none -specs=Xilinx.spec -Wl,-T -Wl,../src/lscript.ld -L../../CZT_bsp/ps7_cortexa9_0/lib -o "CZT.elf"  ./src/SPIFunctions.o ./src/helloworld.o ./src/main.o ./src/platform.o   -Wl,--start-group,-lxil,-lgcc,-lc,--end-group
'Finished building target: CZT.elf'
' '
'Invoking: ARM v7 Print Size'
arm-none-eabi-size CZT.elf  |tee "CZT.elf.size"
   text	   data	    bss	    dec	    hex	filename
  29932	   1544	  23256	  54732	   d5cc	CZT.elf
'Finished building: CZT.elf.size'
' '
17:22:36 **** Auto Build of configuration Debug for project CZT ****
make pre-build main-build 
a9-linaro-pre-build-step
' '
'Building file: ../src/SPIFunctions.c'
'Invoking: ARM v7 gcc compiler'
arm-none-eabi-gcc -Wall -O0 -g3 -c -fmessage-length=0 -MT"src/SPIFunctions.o" -mcpu=cortex-a9 -mfpu=vfpv3 -mfloat-abi=hard -I../../CZT_bsp/ps7_cortexa9_0/include -MMD -MP -MF"src/SPIFunctions.d" -MT"src/SPIFunctions.o" -o "src/SPIFunctions.o" "../src/SPIFunctions.c"
'Finished building: ../src/SPIFunctions.c'
' '
'Building target: CZT.elf'
'Invoking: ARM v7 gcc linker'
arm-none-eabi-gcc -mcpu=cortex-a9 -mfpu=vfpv3 -mfloat-abi=hard -Wl,-build-id=none -specs=Xilinx.spec -Wl,-T -Wl,../src/lscript.ld -L../../CZT_bsp/ps7_cortexa9_0/lib -o "CZT.elf"  ./src/SPIFunctions.o ./src/helloworld.o ./src/main.o ./src/platform.o   -Wl,--start-group,-lxil,-lgcc,-lc,--end-group
'Finished building target: CZT.elf'
' '
'Invoking: ARM v7 Print Size'
arm-none-eabi-size CZT.elf  |tee "CZT.elf.size"
   text	   data	    bss	    dec	    hex	filename
  29932	   1544	  23256	  54732	   d5cc	CZT.elf
'Finished building: CZT.elf.size'
' '
17:22:48 **** Auto Build of configuration Debug for project CZT ****
make pre-build main-build 
a9-linaro-pre-build-step
' '
'Building file: ../src/SPIFunctions.c'
'Invoking: ARM v7 gcc compiler'
arm-none-eabi-gcc -Wall -O0 -g3 -c -fmessage-length=0 -MT"src/SPIFunctions.o" -mcpu=cortex-a9 -mfpu=vfpv3 -mfloat-abi=hard -I../../CZT_bsp/ps7_cortexa9_0/include -MMD -MP -MF"src/SPIFunctions.d" -MT"src/SPIFunctions.o" -o "src/SPIFunctions.o" "../src/SPIFunctions.c"
'Finished building: ../src/SPIFunctions.c'
' '
'Building target: CZT.elf'
'Invoking: ARM v7 gcc linker'
arm-none-eabi-gcc -mcpu=cortex-a9 -mfpu=vfpv3 -mfloat-abi=hard -Wl,-build-id=none -specs=Xilinx.spec -Wl,-T -Wl,../src/lscript.ld -L../../CZT_bsp/ps7_cortexa9_0/lib -o "CZT.elf"  ./src/SPIFunctions.o ./src/helloworld.o ./src/main.o ./src/platform.o   -Wl,--start-group,-lxil,-lgcc,-lc,--end-group
'Finished building target: CZT.elf'
' '
'Invoking: ARM v7 Print Size'
arm-none-eabi-size CZT.elf  |tee "CZT.elf.size"
   text	   data	    bss	    dec	    hex	filename
  29932	   1544	  23256	  54732	   d5cc	CZT.elf
'Finished building: CZT.elf.size'
' '
17:24:13 **** Auto Build of configuration Debug for project CZT ****
make pre-build main-build 
a9-linaro-pre-build-step
' '
'Building file: ../src/helloworld.c'
'Invoking: ARM v7 gcc compiler'
arm-none-eabi-gcc -Wall -O0 -g3 -c -fmessage-length=0 -MT"src/helloworld.o" -mcpu=cortex-a9 -mfpu=vfpv3 -mfloat-abi=hard -I../../CZT_bsp/ps7_cortexa9_0/include -MMD -MP -MF"src/helloworld.d" -MT"src/helloworld.o" -o "src/helloworld.o" "../src/helloworld.c"
'Finished building: ../src/helloworld.c'
' '
'Building file: ../src/main.c'
'Invoking: ARM v7 gcc compiler'
arm-none-eabi-gcc -Wall -O0 -g3 -c -fmessage-length=0 -MT"src/main.o" -mcpu=cortex-a9 -mfpu=vfpv3 -mfloat-abi=hard -I../../CZT_bsp/ps7_cortexa9_0/include -MMD -MP -MF"src/main.d" -MT"src/main.o" -o "src/main.o" "../src/main.c"
'Finished building: ../src/main.c'
' '
'Building target: CZT.elf'
'Invoking: ARM v7 gcc linker'
arm-none-eabi-gcc -mcpu=cortex-a9 -mfpu=vfpv3 -mfloat-abi=hard -Wl,-build-id=none -specs=Xilinx.spec -Wl,-T -Wl,../src/lscript.ld -L../../CZT_bsp/ps7_cortexa9_0/lib -o "CZT.elf"  ./src/SPIFunctions.o ./src/helloworld.o ./src/main.o ./src/platform.o   -Wl,--start-group,-lxil,-lgcc,-lc,--end-group
'Finished building target: CZT.elf'
' '
'Invoking: ARM v7 Print Size'
arm-none-eabi-size CZT.elf  |tee "CZT.elf.size"
   text	   data	    bss	    dec	    hex	filename
  29932	   1544	  23256	  54732	   d5cc	CZT.elf
'Finished building: CZT.elf.size'
' '
17:25:13 **** Auto Build of configuration Debug for project CZT ****
make pre-build main-build 
a9-linaro-pre-build-step
' '
'Building file: ../src/SPIFunctions.c'
'Invoking: ARM v7 gcc compiler'
arm-none-eabi-gcc -Wall -O0 -g3 -c -fmessage-length=0 -MT"src/SPIFunctions.o" -mcpu=cortex-a9 -mfpu=vfpv3 -mfloat-abi=hard -I../../CZT_bsp/ps7_cortexa9_0/include -MMD -MP -MF"src/SPIFunctions.d" -MT"src/SPIFunctions.o" -o "src/SPIFunctions.o" "../src/SPIFunctions.c"
'Finished building: ../src/SPIFunctions.c'
' '
'Building target: CZT.elf'
'Invoking: ARM v7 gcc linker'
arm-none-eabi-gcc -mcpu=cortex-a9 -mfpu=vfpv3 -mfloat-abi=hard -Wl,-build-id=none -specs=Xilinx.spec -Wl,-T -Wl,../src/lscript.ld -L../../CZT_bsp/ps7_cortexa9_0/lib -o "CZT.elf"  ./src/SPIFunctions.o ./src/helloworld.o ./src/main.o ./src/platform.o   -Wl,--start-group,-lxil,-lgcc,-lc,--end-group
'Finished building target: CZT.elf'
' '
'Invoking: ARM v7 Print Size'
arm-none-eabi-size CZT.elf  |tee "CZT.elf.size"
   text	   data	    bss	    dec	    hex	filename
  29932	   1544	  23256	  54732	   d5cc	CZT.elf
'Finished building: CZT.elf.size'
' '
17:25:52 **** Auto Build of configuration Debug for project CZT ****
make pre-build main-build 
a9-linaro-pre-build-step
' '
'Building file: ../src/SPIFunctions.c'
'Invoking: ARM v7 gcc compiler'
arm-none-eabi-gcc -Wall -O0 -g3 -c -fmessage-length=0 -MT"src/SPIFunctions.o" -mcpu=cortex-a9 -mfpu=vfpv3 -mfloat-abi=hard -I../../CZT_bsp/ps7_cortexa9_0/include -MMD -MP -MF"src/SPIFunctions.d" -MT"src/SPIFunctions.o" -o "src/SPIFunctions.o" "../src/SPIFunctions.c"
'Finished building: ../src/SPIFunctions.c'
' '
'Building target: CZT.elf'
'Invoking: ARM v7 gcc linker'
arm-none-eabi-gcc -mcpu=cortex-a9 -mfpu=vfpv3 -mfloat-abi=hard -Wl,-build-id=none -specs=Xilinx.spec -Wl,-T -Wl,../src/lscript.ld -L../../CZT_bsp/ps7_cortexa9_0/lib -o "CZT.elf"  ./src/SPIFunctions.o ./src/helloworld.o ./src/main.o ./src/platform.o   -Wl,--start-group,-lxil,-lgcc,-lc,--end-group
'Finished building target: CZT.elf'
' '
'Invoking: ARM v7 Print Size'
arm-none-eabi-size CZT.elf  |tee "CZT.elf.size"
   text	   data	    bss	    dec	    hex	filename
  29932	   1544	  23256	  54732	   d5cc	CZT.elf
'Finished building: CZT.elf.size'
' '
17:26:00 **** Auto Build of configuration Debug for project CZT ****
make pre-build main-build 
a9-linaro-pre-build-step
' '
'Building file: ../src/helloworld.c'
'Invoking: ARM v7 gcc compiler'
arm-none-eabi-gcc -Wall -O0 -g3 -c -fmessage-length=0 -MT"src/helloworld.o" -mcpu=cortex-a9 -mfpu=vfpv3 -mfloat-abi=hard -I../../CZT_bsp/ps7_cortexa9_0/include -MMD -MP -MF"src/helloworld.d" -MT"src/helloworld.o" -o "src/helloworld.o" "../src/helloworld.c"
'Finished building: ../src/helloworld.c'
' '
'Building file: ../src/main.c'
'Invoking: ARM v7 gcc compiler'
arm-none-eabi-gcc -Wall -O0 -g3 -c -fmessage-length=0 -MT"src/main.o" -mcpu=cortex-a9 -mfpu=vfpv3 -mfloat-abi=hard -I../../CZT_bsp/ps7_cortexa9_0/include -MMD -MP -MF"src/main.d" -MT"src/main.o" -o "src/main.o" "../src/main.c"
'Finished building: ../src/main.c'
' '
'Building target: CZT.elf'
'Invoking: ARM v7 gcc linker'
arm-none-eabi-gcc -mcpu=cortex-a9 -mfpu=vfpv3 -mfloat-abi=hard -Wl,-build-id=none -specs=Xilinx.spec -Wl,-T -Wl,../src/lscript.ld -L../../CZT_bsp/ps7_cortexa9_0/lib -o "CZT.elf"  ./src/SPIFunctions.o ./src/helloworld.o ./src/main.o ./src/platform.o   -Wl,--start-group,-lxil,-lgcc,-lc,--end-group
'Finished building target: CZT.elf'
' '
'Invoking: ARM v7 Print Size'
arm-none-eabi-size CZT.elf  |tee "CZT.elf.size"
   text	   data	    bss	    dec	    hex	filename
  29932	   1544	  23256	  54732	   d5cc	CZT.elf
'Finished building: CZT.elf.size'
' '
17:26:29 **** Auto Build of configuration Debug for project CZT ****
make pre-build main-build 
a9-linaro-pre-build-step
' '
'Building file: ../src/SPIFunctions.c'
'Invoking: ARM v7 gcc compiler'
arm-none-eabi-gcc -Wall -O0 -g3 -c -fmessage-length=0 -MT"src/SPIFunctions.o" -mcpu=cortex-a9 -mfpu=vfpv3 -mfloat-abi=hard -I../../CZT_bsp/ps7_cortexa9_0/include -MMD -MP -MF"src/SPIFunctions.d" -MT"src/SPIFunctions.o" -o "src/SPIFunctions.o" "../src/SPIFunctions.c"
../src/SPIFunctions.c:61:13: error: unknown type name 'u4'; did you mean 'u64'?
 findCommand(u4 DictID){
             ^~
             u64
make: *** [src/subdir.mk:32: src/SPIFunctions.o] Error 1
17:26:35 **** Auto Build of configuration Debug for project CZT ****
make pre-build main-build 
a9-linaro-pre-build-step
' '
'Building file: ../src/SPIFunctions.c'
'Invoking: ARM v7 gcc compiler'
arm-none-eabi-gcc -Wall -O0 -g3 -c -fmessage-length=0 -MT"src/SPIFunctions.o" -mcpu=cortex-a9 -mfpu=vfpv3 -mfloat-abi=hard -I../../CZT_bsp/ps7_cortexa9_0/include -MMD -MP -MF"src/SPIFunctions.d" -MT"src/SPIFunctions.o" -o "src/SPIFunctions.o" "../src/SPIFunctions.c"
../src/SPIFunctions.c: In function 'findCommand':
../src/SPIFunctions.c:62:9: error: expected expression before ')' token
  switch()
         ^
../src/SPIFunctions.c:64:1: warning: control reaches end of non-void function [-Wreturn-type]
 }
 ^
make: *** [src/subdir.mk:32: src/SPIFunctions.o] Error 1
17:27:00 **** Auto Build of configuration Debug for project CZT ****
make pre-build main-build 
a9-linaro-pre-build-step
' '
'Building file: ../src/SPIFunctions.c'
'Invoking: ARM v7 gcc compiler'
arm-none-eabi-gcc -Wall -O0 -g3 -c -fmessage-length=0 -MT"src/SPIFunctions.o" -mcpu=cortex-a9 -mfpu=vfpv3 -mfloat-abi=hard -I../../CZT_bsp/ps7_cortexa9_0/include -MMD -MP -MF"src/SPIFunctions.d" -MT"src/SPIFunctions.o" -o "src/SPIFunctions.o" "../src/SPIFunctions.c"
../src/SPIFunctions.c: In function 'findCommand':
../src/SPIFunctions.c:62:16: error: expected expression before ':' token
  switch(DictID):
                ^
make: *** [src/subdir.mk:32: src/SPIFunctions.o] Error 1
17:27:21 **** Auto Build of configuration Debug for project CZT ****
make pre-build main-build 
a9-linaro-pre-build-step
' '
'Building file: ../src/SPIFunctions.c'
'Invoking: ARM v7 gcc compiler'
arm-none-eabi-gcc -Wall -O0 -g3 -c -fmessage-length=0 -MT"src/SPIFunctions.o" -mcpu=cortex-a9 -mfpu=vfpv3 -mfloat-abi=hard -I../../CZT_bsp/ps7_cortexa9_0/include -MMD -MP -MF"src/SPIFunctions.d" -MT"src/SPIFunctions.o" -o "src/SPIFunctions.o" "../src/SPIFunctions.c"
'Finished building: ../src/SPIFunctions.c'
' '
'Building target: CZT.elf'
'Invoking: ARM v7 gcc linker'
arm-none-eabi-gcc -mcpu=cortex-a9 -mfpu=vfpv3 -mfloat-abi=hard -Wl,-build-id=none -specs=Xilinx.spec -Wl,-T -Wl,../src/lscript.ld -L../../CZT_bsp/ps7_cortexa9_0/lib -o "CZT.elf"  ./src/SPIFunctions.o ./src/helloworld.o ./src/main.o ./src/platform.o   -Wl,--start-group,-lxil,-lgcc,-lc,--end-group
'Finished building target: CZT.elf'
' '
'Invoking: ARM v7 Print Size'
arm-none-eabi-size CZT.elf  |tee "CZT.elf.size"
   text	   data	    bss	    dec	    hex	filename
  29932	   1544	  23256	  54732	   d5cc	CZT.elf
'Finished building: CZT.elf.size'
' '
17:34:33 **** Auto Build of configuration Debug for project CZT ****
make pre-build main-build 
a9-linaro-pre-build-step
' '
'Building file: ../src/main.c'
'Invoking: ARM v7 gcc compiler'
arm-none-eabi-gcc -Wall -O0 -g3 -c -fmessage-length=0 -MT"src/main.o" -mcpu=cortex-a9 -mfpu=vfpv3 -mfloat-abi=hard -I../../CZT_bsp/ps7_cortexa9_0/include -MMD -MP -MF"src/main.d" -MT"src/main.o" -o "src/main.o" "../src/main.c"
../src/main.c: In function 'main':
../src/main.c:30:18: error: 'dictID' undeclared (first use in this function)
      scanf("%x",&dictID)
                  ^~~~~~
../src/main.c:30:18: note: each undeclared identifier is reported only once for each function it appears in
../src/main.c:30:25: error: expected ';' before '}' token
      scanf("%x",&dictID)
                         ^
                         ;
../src/main.c:41:5:
     }
     ~                    
make: *** [src/subdir.mk:32: src/main.o] Error 1
17:35:03 **** Auto Build of configuration Debug for project CZT ****
make pre-build main-build 
a9-linaro-pre-build-step
' '
'Building file: ../src/main.c'
'Invoking: ARM v7 gcc compiler'
arm-none-eabi-gcc -Wall -O0 -g3 -c -fmessage-length=0 -MT"src/main.o" -mcpu=cortex-a9 -mfpu=vfpv3 -mfloat-abi=hard -I../../CZT_bsp/ps7_cortexa9_0/include -MMD -MP -MF"src/main.d" -MT"src/main.o" -o "src/main.o" "../src/main.c"
../src/main.c: In function 'main':
../src/main.c:33:18: error: 'dictID' undeclared (first use in this function)
      scanf("%x",&dictID);
                  ^~~~~~
../src/main.c:33:18: note: each undeclared identifier is reported only once for each function it appears in
make: *** [src/subdir.mk:32: src/main.o] Error 1
17:35:19 **** Auto Build of configuration Debug for project CZT ****
make pre-build main-build 
a9-linaro-pre-build-step
' '
'Building file: ../src/main.c'
'Invoking: ARM v7 gcc compiler'
arm-none-eabi-gcc -Wall -O0 -g3 -c -fmessage-length=0 -MT"src/main.o" -mcpu=cortex-a9 -mfpu=vfpv3 -mfloat-abi=hard -I../../CZT_bsp/ps7_cortexa9_0/include -MMD -MP -MF"src/main.d" -MT"src/main.o" -o "src/main.o" "../src/main.c"
../src/main.c: In function 'main':
../src/main.c:33:18: error: 'DictID' undeclared (first use in this function)
      scanf("%d",&DictID);
                  ^~~~~~
../src/main.c:33:18: note: each undeclared identifier is reported only once for each function it appears in
make: *** [src/subdir.mk:32: src/main.o] Error 1
17:35:51 **** Auto Build of configuration Debug for project CZT ****
make pre-build main-build 
a9-linaro-pre-build-step
' '
'Building file: ../src/main.c'
'Invoking: ARM v7 gcc compiler'
arm-none-eabi-gcc -Wall -O0 -g3 -c -fmessage-length=0 -MT"src/main.o" -mcpu=cortex-a9 -mfpu=vfpv3 -mfloat-abi=hard -I../../CZT_bsp/ps7_cortexa9_0/include -MMD -MP -MF"src/main.d" -MT"src/main.o" -o "src/main.o" "../src/main.c"
'Finished building: ../src/main.c'
' '
'Building target: CZT.elf'
'Invoking: ARM v7 gcc linker'
arm-none-eabi-gcc -mcpu=cortex-a9 -mfpu=vfpv3 -mfloat-abi=hard -Wl,-build-id=none -specs=Xilinx.spec -Wl,-T -Wl,../src/lscript.ld -L../../CZT_bsp/ps7_cortexa9_0/lib -o "CZT.elf"  ./src/SPIFunctions.o ./src/helloworld.o ./src/main.o ./src/platform.o   -Wl,--start-group,-lxil,-lgcc,-lc,--end-group
'Finished building target: CZT.elf'
' '
'Invoking: ARM v7 Print Size'
arm-none-eabi-size CZT.elf  |tee "CZT.elf.size"
   text	   data	    bss	    dec	    hex	filename
  86128	   2584	  23328	 112040	  1b5a8	CZT.elf
[...]
'Finished building target: CZT.elf'
' '
'Invoking: ARM v7 Print Size'
arm-none-eabi-size CZT.elf  |tee "CZT.elf.size"
   text	   data	    bss	    dec	    hex	filename
  87112	   2584	  23328	 113024	  1b980	CZT.elf
'Finished building: CZT.elf.size'
' '
22:42:46 **** Auto Build of configuration Debug for project CZT ****
make pre-build main-build 
a9-linaro-pre-build-step
' '
'Building file: ../src/main.c'
'Invoking: ARM v7 gcc compiler'
arm-none-eabi-gcc -Wall -O0 -g3 -I../../CZT_bsp/ps7_cortexa9_0/include -I"F:\DAKSHA\CommSrcs\FPGA\CZT\CZT.sdk\BD_wo_axi_wrapper_hw_platform_0" -c -fmessage-length=0 -MT"src/main.o" -mcpu=cortex-a9 -mfpu=vfpv3 -mfloat-abi=hard -MMD -MP -MF"src/main.d" -MT"src/main.o" -o "src/main.o" "../src/main.c"
'Finished building: ../src/main.c'
' '
'Building target: CZT.elf'
'Invoking: ARM v7 gcc linker'
arm-none-eabi-gcc -mcpu=cortex-a9 -mfpu=vfpv3 -mfloat-abi=hard -Wl,-build-id=none -specs=Xilinx.spec -Wl,-T -Wl,../src/lscript.ld -L../../CZT_bsp/ps7_cortexa9_0/lib -o "CZT.elf"  ./src/SPIFunctions.o ./src/helloworld.o ./src/main.o ./src/platform.o   -Wl,--start-group,-lxil,-lgcc,-lc,--end-group
'Finished building target: CZT.elf'
' '
'Invoking: ARM v7 Print Size'
arm-none-eabi-size CZT.elf  |tee "CZT.elf.size"
   text	   data	    bss	    dec	    hex	filename
  87112	   2584	  23328	 113024	  1b980	CZT.elf
'Finished building: CZT.elf.size'
' '
22:42:53 **** Auto Build of configuration Debug for project CZT ****
make pre-build main-build 
a9-linaro-pre-build-step
' '
'Building file: ../src/main.c'
'Invoking: ARM v7 gcc compiler'
arm-none-eabi-gcc -Wall -O0 -g3 -I../../CZT_bsp/ps7_cortexa9_0/include -I"F:\DAKSHA\CommSrcs\FPGA\CZT\CZT.sdk\BD_wo_axi_wrapper_hw_platform_0" -c -fmessage-length=0 -MT"src/main.o" -mcpu=cortex-a9 -mfpu=vfpv3 -mfloat-abi=hard -MMD -MP -MF"src/main.d" -MT"src/main.o" -o "src/main.o" "../src/main.c"
'Finished building: ../src/main.c'
' '
'Building target: CZT.elf'
'Invoking: ARM v7 gcc linker'
arm-none-eabi-gcc -mcpu=cortex-a9 -mfpu=vfpv3 -mfloat-abi=hard -Wl,-build-id=none -specs=Xilinx.spec -Wl,-T -Wl,../src/lscript.ld -L../../CZT_bsp/ps7_cortexa9_0/lib -o "CZT.elf"  ./src/SPIFunctions.o ./src/helloworld.o ./src/main.o ./src/platform.o   -Wl,--start-group,-lxil,-lgcc,-lc,--end-group
'Finished building target: CZT.elf'
' '
'Invoking: ARM v7 Print Size'
arm-none-eabi-size CZT.elf  |tee "CZT.elf.size"
   text	   data	    bss	    dec	    hex	filename
  87112	   2584	  23328	 113024	  1b980	CZT.elf
'Finished building: CZT.elf.size'
' '
22:43:27 **** Auto Build of configuration Debug for project CZT ****
make pre-build main-build 
a9-linaro-pre-build-step
' '
'Building file: ../src/main.c'
'Invoking: ARM v7 gcc compiler'
arm-none-eabi-gcc -Wall -O0 -g3 -I../../CZT_bsp/ps7_cortexa9_0/include -I"F:\DAKSHA\CommSrcs\FPGA\CZT\CZT.sdk\BD_wo_axi_wrapper_hw_platform_0" -c -fmessage-length=0 -MT"src/main.o" -mcpu=cortex-a9 -mfpu=vfpv3 -mfloat-abi=hard -MMD -MP -MF"src/main.d" -MT"src/main.o" -o "src/main.o" "../src/main.c"
'Finished building: ../src/main.c'
' '
'Building target: CZT.elf'
'Invoking: ARM v7 gcc linker'
arm-none-eabi-gcc -mcpu=cortex-a9 -mfpu=vfpv3 -mfloat-abi=hard -Wl,-build-id=none -specs=Xilinx.spec -Wl,-T -Wl,../src/lscript.ld -L../../CZT_bsp/ps7_cortexa9_0/lib -o "CZT.elf"  ./src/SPIFunctions.o ./src/helloworld.o ./src/main.o ./src/platform.o   -Wl,--start-group,-lxil,-lgcc,-lc,--end-group
'Finished building target: CZT.elf'
' '
'Invoking: ARM v7 Print Size'
arm-none-eabi-size CZT.elf  |tee "CZT.elf.size"
   text	   data	    bss	    dec	    hex	filename
  87112	   2584	  23328	 113024	  1b980	CZT.elf
'Finished building: CZT.elf.size'
' '
22:46:39 **** Auto Build of configuration Debug for project CZT ****
make pre-build main-build 
a9-linaro-pre-build-step
' '
'Building file: ../src/main.c'
'Invoking: ARM v7 gcc compiler'
arm-none-eabi-gcc -Wall -O0 -g3 -I../../CZT_bsp/ps7_cortexa9_0/include -I"F:\DAKSHA\CommSrcs\FPGA\CZT\CZT.sdk\BD_wo_axi_wrapper_hw_platform_0" -c -fmessage-length=0 -MT"src/main.o" -mcpu=cortex-a9 -mfpu=vfpv3 -mfloat-abi=hard -MMD -MP -MF"src/main.d" -MT"src/main.o" -o "src/main.o" "../src/main.c"
'Finished building: ../src/main.c'
' '
'Building target: CZT.elf'
'Invoking: ARM v7 gcc linker'
arm-none-eabi-gcc -mcpu=cortex-a9 -mfpu=vfpv3 -mfloat-abi=hard -Wl,-build-id=none -specs=Xilinx.spec -Wl,-T -Wl,../src/lscript.ld -L../../CZT_bsp/ps7_cortexa9_0/lib -o "CZT.elf"  ./src/SPIFunctions.o ./src/helloworld.o ./src/main.o ./src/platform.o   -Wl,--start-group,-lxil,-lgcc,-lc,--end-group
'Finished building target: CZT.elf'
' '
'Invoking: ARM v7 Print Size'
arm-none-eabi-size CZT.elf  |tee "CZT.elf.size"
   text	   data	    bss	    dec	    hex	filename
  87112	   2584	  23328	 113024	  1b980	CZT.elf
'Finished building: CZT.elf.size'
' '
22:47:49 **** Auto Build of configuration Debug for project CZT ****
make pre-build main-build 
a9-linaro-pre-build-step
' '
'Building file: ../src/main.c'
'Invoking: ARM v7 gcc compiler'
arm-none-eabi-gcc -Wall -O0 -g3 -I../../CZT_bsp/ps7_cortexa9_0/include -I"F:\DAKSHA\CommSrcs\FPGA\CZT\CZT.sdk\BD_wo_axi_wrapper_hw_platform_0" -c -fmessage-length=0 -MT"src/main.o" -mcpu=cortex-a9 -mfpu=vfpv3 -mfloat-abi=hard -MMD -MP -MF"src/main.d" -MT"src/main.o" -o "src/main.o" "../src/main.c"
'Finished building: ../src/main.c'
' '
'Building target: CZT.elf'
'Invoking: ARM v7 gcc linker'
arm-none-eabi-gcc -mcpu=cortex-a9 -mfpu=vfpv3 -mfloat-abi=hard -Wl,-build-id=none -specs=Xilinx.spec -Wl,-T -Wl,../src/lscript.ld -L../../CZT_bsp/ps7_cortexa9_0/lib -o "CZT.elf"  ./src/SPIFunctions.o ./src/helloworld.o ./src/main.o ./src/platform.o   -Wl,--start-group,-lxil,-lgcc,-lc,--end-group
'Finished building target: CZT.elf'
' '
'Invoking: ARM v7 Print Size'
arm-none-eabi-size CZT.elf  |tee "CZT.elf.size"
   text	   data	    bss	    dec	    hex	filename
  87112	   2584	  23328	 113024	  1b980	CZT.elf
'Finished building: CZT.elf.size'
' '
22:48:13 **** Auto Build of configuration Debug for project CZT ****
make pre-build main-build 
a9-linaro-pre-build-step
' '
'Building file: ../src/main.c'
'Invoking: ARM v7 gcc compiler'
arm-none-eabi-gcc -Wall -O0 -g3 -I../../CZT_bsp/ps7_cortexa9_0/include -I"F:\DAKSHA\CommSrcs\FPGA\CZT\CZT.sdk\BD_wo_axi_wrapper_hw_platform_0" -c -fmessage-length=0 -MT"src/main.o" -mcpu=cortex-a9 -mfpu=vfpv3 -mfloat-abi=hard -MMD -MP -MF"src/main.d" -MT"src/main.o" -o "src/main.o" "../src/main.c"
'Finished building: ../src/main.c'
' '
'Building target: CZT.elf'
'Invoking: ARM v7 gcc linker'
arm-none-eabi-gcc -mcpu=cortex-a9 -mfpu=vfpv3 -mfloat-abi=hard -Wl,-build-id=none -specs=Xilinx.spec -Wl,-T -Wl,../src/lscript.ld -L../../CZT_bsp/ps7_cortexa9_0/lib -o "CZT.elf"  ./src/SPIFunctions.o ./src/helloworld.o ./src/main.o ./src/platform.o   -Wl,--start-group,-lxil,-lgcc,-lc,--end-group
'Finished building target: CZT.elf'
' '
'Invoking: ARM v7 Print Size'
arm-none-eabi-size CZT.elf  |tee "CZT.elf.size"
   text	   data	    bss	    dec	    hex	filename
  87112	   2584	  23328	 113024	  1b980	CZT.elf
'Finished building: CZT.elf.size'
' '
22:48:20 **** Auto Build of configuration Debug for project CZT ****
make pre-build main-build 
a9-linaro-pre-build-step
' '
'Building file: ../src/main.c'
'Invoking: ARM v7 gcc compiler'
arm-none-eabi-gcc -Wall -O0 -g3 -I../../CZT_bsp/ps7_cortexa9_0/include -I"F:\DAKSHA\CommSrcs\FPGA\CZT\CZT.sdk\BD_wo_axi_wrapper_hw_platform_0" -c -fmessage-length=0 -MT"src/main.o" -mcpu=cortex-a9 -mfpu=vfpv3 -mfloat-abi=hard -MMD -MP -MF"src/main.d" -MT"src/main.o" -o "src/main.o" "../src/main.c"
'Finished building: ../src/main.c'
' '
'Building target: CZT.elf'
'Invoking: ARM v7 gcc linker'
arm-none-eabi-gcc -mcpu=cortex-a9 -mfpu=vfpv3 -mfloat-abi=hard -Wl,-build-id=none -specs=Xilinx.spec -Wl,-T -Wl,../src/lscript.ld -L../../CZT_bsp/ps7_cortexa9_0/lib -o "CZT.elf"  ./src/SPIFunctions.o ./src/helloworld.o ./src/main.o ./src/platform.o   -Wl,--start-group,-lxil,-lgcc,-lc,--end-group
'Finished building target: CZT.elf'
' '
'Invoking: ARM v7 Print Size'
arm-none-eabi-size CZT.elf  |tee "CZT.elf.size"
   text	   data	    bss	    dec	    hex	filename
  87112	   2584	  23328	 113024	  1b980	CZT.elf
'Finished building: CZT.elf.size'
' '
22:49:16 **** Auto Build of configuration Debug for project CZT ****
make pre-build main-build 
a9-linaro-pre-build-step
' '
'Building file: ../src/main.c'
'Invoking: ARM v7 gcc compiler'
arm-none-eabi-gcc -Wall -O0 -g3 -I../../CZT_bsp/ps7_cortexa9_0/include -I"F:\DAKSHA\CommSrcs\FPGA\CZT\CZT.sdk\BD_wo_axi_wrapper_hw_platform_0" -c -fmessage-length=0 -MT"src/main.o" -mcpu=cortex-a9 -mfpu=vfpv3 -mfloat-abi=hard -MMD -MP -MF"src/main.d" -MT"src/main.o" -o "src/main.o" "../src/main.c"
'Finished building: ../src/main.c'
' '
'Building target: CZT.elf'
'Invoking: ARM v7 gcc linker'
arm-none-eabi-gcc -mcpu=cortex-a9 -mfpu=vfpv3 -mfloat-abi=hard -Wl,-build-id=none -specs=Xilinx.spec -Wl,-T -Wl,../src/lscript.ld -L../../CZT_bsp/ps7_cortexa9_0/lib -o "CZT.elf"  ./src/SPIFunctions.o ./src/helloworld.o ./src/main.o ./src/platform.o   -Wl,--start-group,-lxil,-lgcc,-lc,--end-group
'Finished building target: CZT.elf'
' '
'Invoking: ARM v7 Print Size'
arm-none-eabi-size CZT.elf  |tee "CZT.elf.size"
   text	   data	    bss	    dec	    hex	filename
  87168	   2584	  23328	 113080	  1b9b8	CZT.elf
'Finished building: CZT.elf.size'
' '
22:50:19 **** Auto Build of configuration Debug for project CZT ****
make pre-build main-build 
a9-linaro-pre-build-step
' '
'Building file: ../src/main.c'
'Invoking: ARM v7 gcc compiler'
arm-none-eabi-gcc -Wall -O0 -g3 -I../../CZT_bsp/ps7_cortexa9_0/include -I"F:\DAKSHA\CommSrcs\FPGA\CZT\CZT.sdk\BD_wo_axi_wrapper_hw_platform_0" -c -fmessage-length=0 -MT"src/main.o" -mcpu=cortex-a9 -mfpu=vfpv3 -mfloat-abi=hard -MMD -MP -MF"src/main.d" -MT"src/main.o" -o "src/main.o" "../src/main.c"
'Finished building: ../src/main.c'
' '
'Building target: CZT.elf'
'Invoking: ARM v7 gcc linker'
arm-none-eabi-gcc -mcpu=cortex-a9 -mfpu=vfpv3 -mfloat-abi=hard -Wl,-build-id=none -specs=Xilinx.spec -Wl,-T -Wl,../src/lscript.ld -L../../CZT_bsp/ps7_cortexa9_0/lib -o "CZT.elf"  ./src/SPIFunctions.o ./src/helloworld.o ./src/main.o ./src/platform.o   -Wl,--start-group,-lxil,-lgcc,-lc,--end-group
'Finished building target: CZT.elf'
' '
'Invoking: ARM v7 Print Size'
arm-none-eabi-size CZT.elf  |tee "CZT.elf.size"
   text	   data	    bss	    dec	    hex	filename
  87168	   2584	  23328	 113080	  1b9b8	CZT.elf
'Finished building: CZT.elf.size'
' '
22:51:12 **** Auto Build of configuration Debug for project CZT ****
make pre-build main-build 
a9-linaro-pre-build-step
' '
'Building file: ../src/main.c'
'Invoking: ARM v7 gcc compiler'
arm-none-eabi-gcc -Wall -O0 -g3 -I../../CZT_bsp/ps7_cortexa9_0/include -I"F:\DAKSHA\CommSrcs\FPGA\CZT\CZT.sdk\BD_wo_axi_wrapper_hw_platform_0" -c -fmessage-length=0 -MT"src/main.o" -mcpu=cortex-a9 -mfpu=vfpv3 -mfloat-abi=hard -MMD -MP -MF"src/main.d" -MT"src/main.o" -o "src/main.o" "../src/main.c"
'Finished building: ../src/main.c'
' '
'Building target: CZT.elf'
'Invoking: ARM v7 gcc linker'
arm-none-eabi-gcc -mcpu=cortex-a9 -mfpu=vfpv3 -mfloat-abi=hard -Wl,-build-id=none -specs=Xilinx.spec -Wl,-T -Wl,../src/lscript.ld -L../../CZT_bsp/ps7_cortexa9_0/lib -o "CZT.elf"  ./src/SPIFunctions.o ./src/helloworld.o ./src/main.o ./src/platform.o   -Wl,--start-group,-lxil,-lgcc,-lc,--end-group
'Finished building target: CZT.elf'
' '
'Invoking: ARM v7 Print Size'
arm-none-eabi-size CZT.elf  |tee "CZT.elf.size"
   text	   data	    bss	    dec	    hex	filename
  87168	   2584	  23328	 113080	  1b9b8	CZT.elf
'Finished building: CZT.elf.size'
' '
22:52:07 **** Auto Build of configuration Debug for project CZT ****
make pre-build main-build 
a9-linaro-pre-build-step
' '
'Building file: ../src/main.c'
'Invoking: ARM v7 gcc compiler'
arm-none-eabi-gcc -Wall -O0 -g3 -I../../CZT_bsp/ps7_cortexa9_0/include -I"F:\DAKSHA\CommSrcs\FPGA\CZT\CZT.sdk\BD_wo_axi_wrapper_hw_platform_0" -c -fmessage-length=0 -MT"src/main.o" -mcpu=cortex-a9 -mfpu=vfpv3 -mfloat-abi=hard -MMD -MP -MF"src/main.d" -MT"src/main.o" -o "src/main.o" "../src/main.c"
'Finished building: ../src/main.c'
' '
'Building target: CZT.elf'
'Invoking: ARM v7 gcc linker'
arm-none-eabi-gcc -mcpu=cortex-a9 -mfpu=vfpv3 -mfloat-abi=hard -Wl,-build-id=none -specs=Xilinx.spec -Wl,-T -Wl,../src/lscript.ld -L../../CZT_bsp/ps7_cortexa9_0/lib -o "CZT.elf"  ./src/SPIFunctions.o ./src/helloworld.o ./src/main.o ./src/platform.o   -Wl,--start-group,-lxil,-lgcc,-lc,--end-group
'Finished building target: CZT.elf'
' '
'Invoking: ARM v7 Print Size'
arm-none-eabi-size CZT.elf  |tee "CZT.elf.size"
   text	   data	    bss	    dec	    hex	filename
  87168	   2584	  23328	 113080	  1b9b8	CZT.elf
'Finished building: CZT.elf.size'
' '
22:56:04 **** Auto Build of configuration Debug for project CZT ****
make pre-build main-build 
a9-linaro-pre-build-step
' '
'Building file: ../src/main.c'
'Invoking: ARM v7 gcc compiler'
arm-none-eabi-gcc -Wall -O0 -g3 -I../../CZT_bsp/ps7_cortexa9_0/include -I"F:\DAKSHA\CommSrcs\FPGA\CZT\CZT.sdk\BD_wo_axi_wrapper_hw_platform_0" -c -fmessage-length=0 -MT"src/main.o" -mcpu=cortex-a9 -mfpu=vfpv3 -mfloat-abi=hard -MMD -MP -MF"src/main.d" -MT"src/main.o" -o "src/main.o" "../src/main.c"
'Finished building: ../src/main.c'
' '
'Building target: CZT.elf'
'Invoking: ARM v7 gcc linker'
arm-none-eabi-gcc -mcpu=cortex-a9 -mfpu=vfpv3 -mfloat-abi=hard -Wl,-build-id=none -specs=Xilinx.spec -Wl,-T -Wl,../src/lscript.ld -L../../CZT_bsp/ps7_cortexa9_0/lib -o "CZT.elf"  ./src/SPIFunctions.o ./src/helloworld.o ./src/main.o ./src/platform.o   -Wl,--start-group,-lxil,-lgcc,-lc,--end-group
'Finished building target: CZT.elf'
' '
'Invoking: ARM v7 Print Size'
arm-none-eabi-size CZT.elf  |tee "CZT.elf.size"
   text	   data	    bss	    dec	    hex	filename
  87168	   2584	  23328	 113080	  1b9b8	CZT.elf
'Finished building: CZT.elf.size'
' '
23:02:21 **** Auto Build of configuration Debug for project CZT ****
make pre-build main-build 
a9-linaro-pre-build-step
' '
'Building file: ../src/main.c'
'Invoking: ARM v7 gcc compiler'
arm-none-eabi-gcc -Wall -O0 -g3 -I../../CZT_bsp/ps7_cortexa9_0/include -I"F:\DAKSHA\CommSrcs\FPGA\CZT\CZT.sdk\BD_wo_axi_wrapper_hw_platform_0" -c -fmessage-length=0 -MT"src/main.o" -mcpu=cortex-a9 -mfpu=vfpv3 -mfloat-abi=hard -MMD -MP -MF"src/main.d" -MT"src/main.o" -o "src/main.o" "../src/main.c"
../src/main.c: In function 'main':
../src/main.c:120:27: warning: passing argument 1 of 'xil_printf' makes pointer from integer without a cast [-Wint-conversion]
       default: xil_printf(0xFFFFFFFF);
                           ^~~~~~~~~~
In file included from ../src/main.c:11:
../../CZT_bsp/ps7_cortexa9_0/include/xil_printf.h:39:31: note: expected 'const char8 *' {aka 'const char *'} but argument is of type 'unsigned int'
 void xil_printf( const char8 *ctrl1, ...);
                  ~~~~~~~~~~~~~^~~~~
'Finished building: ../src/main.c'
' '
'Building target: CZT.elf'
'Invoking: ARM v7 gcc linker'
arm-none-eabi-gcc -mcpu=cortex-a9 -mfpu=vfpv3 -mfloat-abi=hard -Wl,-build-id=none -specs=Xilinx.spec -Wl,-T -Wl,../src/lscript.ld -L../../CZT_bsp/ps7_cortexa9_0/lib -o "CZT.elf"  ./src/SPIFunctions.o ./src/helloworld.o ./src/main.o ./src/platform.o   -Wl,--start-group,-lxil,-lgcc,-lc,--end-group
'Finished building target: CZT.elf'
' '
'Invoking: ARM v7 Print Size'
arm-none-eabi-size CZT.elf  |tee "CZT.elf.size"
   text	   data	    bss	    dec	    hex	filename
  87160	   2584	  23328	 113072	  1b9b0	CZT.elf
'Finished building: CZT.elf.size'
' '
23:02:47 **** Auto Build of configuration Debug for project CZT ****
make pre-build main-build 
a9-linaro-pre-build-step
' '
'Building file: ../src/main.c'
'Invoking: ARM v7 gcc compiler'
arm-none-eabi-gcc -Wall -O0 -g3 -I../../CZT_bsp/ps7_cortexa9_0/include -I"F:\DAKSHA\CommSrcs\FPGA\CZT\CZT.sdk\BD_wo_axi_wrapper_hw_platform_0" -c -fmessage-length=0 -MT"src/main.o" -mcpu=cortex-a9 -mfpu=vfpv3 -mfloat-abi=hard -MMD -MP -MF"src/main.d" -MT"src/main.o" -o "src/main.o" "../src/main.c"
'Finished building: ../src/main.c'
' '
'Building target: CZT.elf'
'Invoking: ARM v7 gcc linker'
arm-none-eabi-gcc -mcpu=cortex-a9 -mfpu=vfpv3 -mfloat-abi=hard -Wl,-build-id=none -specs=Xilinx.spec -Wl,-T -Wl,../src/lscript.ld -L../../CZT_bsp/ps7_cortexa9_0/lib -o "CZT.elf"  ./src/SPIFunctions.o ./src/helloworld.o ./src/main.o ./src/platform.o   -Wl,--start-group,-lxil,-lgcc,-lc,--end-group
'Finished building target: CZT.elf'
' '
'Invoking: ARM v7 Print Size'
arm-none-eabi-size CZT.elf  |tee "CZT.elf.size"
   text	   data	    bss	    dec	    hex	filename
  87160	   2584	  23328	 113072	  1b9b0	CZT.elf
'Finished building: CZT.elf.size'
' '
23:03:16 **** Auto Build of configuration Debug for project CZT ****
make pre-build main-build 
a9-linaro-pre-build-step
' '
'Building file: ../src/SPIFunctions.c'
'Invoking: ARM v7 gcc compiler'
arm-none-eabi-gcc -Wall -O0 -g3 -I../../CZT_bsp/ps7_cortexa9_0/include -I"F:\DAKSHA\CommSrcs\FPGA\CZT\CZT.sdk\BD_wo_axi_wrapper_hw_platform_0" -c -fmessage-length=0 -MT"src/SPIFunctions.o" -mcpu=cortex-a9 -mfpu=vfpv3 -mfloat-abi=hard -MMD -MP -MF"src/SPIFunctions.d" -MT"src/SPIFunctions.o" -o "src/SPIFunctions.o" "../src/SPIFunctions.c"
'Finished building: ../src/SPIFunctions.c'
' '
'Building file: ../src/helloworld.c'
'Invoking: ARM v7 gcc compiler'
arm-none-eabi-gcc -Wall -O0 -g3 -I../../CZT_bsp/ps7_cortexa9_0/include -I"F:\DAKSHA\CommSrcs\FPGA\CZT\CZT.sdk\BD_wo_axi_wrapper_hw_platform_0" -c -fmessage-length=0 -MT"src/helloworld.o" -mcpu=cortex-a9 -mfpu=vfpv3 -mfloat-abi=hard -MMD -MP -MF"src/helloworld.d" -MT"src/helloworld.o" -o "src/helloworld.o" "../src/helloworld.c"
'Finished building: ../src/helloworld.c'
' '
'Building file: ../src/main.c'
'Invoking: ARM v7 gcc compiler'
arm-none-eabi-gcc -Wall -O0 -g3 -I../../CZT_bsp/ps7_cortexa9_0/include -I"F:\DAKSHA\CommSrcs\FPGA\CZT\CZT.sdk\BD_wo_axi_wrapper_hw_platform_0" -c -fmessage-length=0 -MT"src/main.o" -mcpu=cortex-a9 -mfpu=vfpv3 -mfloat-abi=hard -MMD -MP -MF"src/main.d" -MT"src/main.o" -o "src/main.o" "../src/main.c"
'Finished building: ../src/main.c'
' '
'Building target: CZT.elf'
'Invoking: ARM v7 gcc linker'
arm-none-eabi-gcc -mcpu=cortex-a9 -mfpu=vfpv3 -mfloat-abi=hard -Wl,-build-id=none -specs=Xilinx.spec -Wl,-T -Wl,../src/lscript.ld -L../../CZT_bsp/ps7_cortexa9_0/lib -o "CZT.elf"  ./src/SPIFunctions.o ./src/helloworld.o ./src/main.o ./src/platform.o   -Wl,--start-group,-lxil,-lgcc,-lc,--end-group
'Finished building target: CZT.elf'
' '
'Invoking: ARM v7 Print Size'
arm-none-eabi-size CZT.elf  |tee "CZT.elf.size"
   text	   data	    bss	    dec	    hex	filename
  87160	   2584	  23328	 113072	  1b9b0	CZT.elf
'Finished building: CZT.elf.size'
' '
23:03:19 **** Auto Build of configuration Debug for project CZT ****
make pre-build main-build 
a9-linaro-pre-build-step
' '
'Building file: ../src/SPIFunctions.c'
'Invoking: ARM v7 gcc compiler'
arm-none-eabi-gcc -Wall -O0 -g3 -I../../CZT_bsp/ps7_cortexa9_0/include -I"F:\DAKSHA\CommSrcs\FPGA\CZT\CZT.sdk\BD_wo_axi_wrapper_hw_platform_0" -c -fmessage-length=0 -MT"src/SPIFunctions.o" -mcpu=cortex-a9 -mfpu=vfpv3 -mfloat-abi=hard -MMD -MP -MF"src/SPIFunctions.d" -MT"src/SPIFunctions.o" -o "src/SPIFunctions.o" "../src/SPIFunctions.c"
'Finished building: ../src/SPIFunctions.c'
' '
'Building target: CZT.elf'
'Invoking: ARM v7 gcc linker'
arm-none-eabi-gcc -mcpu=cortex-a9 -mfpu=vfpv3 -mfloat-abi=hard -Wl,-build-id=none -specs=Xilinx.spec -Wl,-T -Wl,../src/lscript.ld -L../../CZT_bsp/ps7_cortexa9_0/lib -o "CZT.elf"  ./src/SPIFunctions.o ./src/helloworld.o ./src/main.o ./src/platform.o   -Wl,--start-group,-lxil,-lgcc,-lc,--end-group
'Finished building target: CZT.elf'
' '
'Invoking: ARM v7 Print Size'
arm-none-eabi-size CZT.elf  |tee "CZT.elf.size"
   text	   data	    bss	    dec	    hex	filename
  87096	   2584	  23328	 113008	  1b970	CZT.elf
'Finished building: CZT.elf.size'
' '
